../Core/Src/main.c:93:5:main	8	static
../Core/Src/main.c:310:6:SystemClock_Config	88	static
../Core/Src/main.c:352:13:MX_I2C1_Init	8	static
../Core/Src/main.c:386:13:MX_TIM1_Init	96	static
../Core/Src/main.c:461:13:MX_GPIO_Init	48	static
../Core/Src/main.c:521:6:incValue	8	static
../Core/Src/main.c:536:6:decValue	8	static
../Core/Src/main.c:551:6:saveMem	8	static
../Core/Src/main.c:564:6:shutDown	8	static
../Core/Src/main.c:573:6:AD5111_UpdateParamter	16	static
../Core/Src/main.c:600:6:AD5111_GoToMax	8	static
../Core/Src/main.c:606:6:AD5111_GoToMin	8	static
../Core/Src/main.c:612:6:HAL_GPIO_EXTI_Callback	16	static
../Core/Src/main.c:644:6:onceClearLCD	8	static
../Core/Src/main.c:661:6:Error_Handler	4	static,ignoring_inline_asm
