Archive member included to satisfy reference by file (symbol)

c:/st/stm32cubeide_1.10.1/stm32cubeide/plugins/com.st.stm32cube.ide.mcu.externaltools.gnu-tools-for-stm32.10.3-2021.10.win32_1.0.0.202111181127/tools/bin/../lib/gcc/arm-none-eabi/10.3.1/../../../../arm-none-eabi/lib/thumb/v7e-m+fp/hard\libc_nano.a(lib_a-errno.o)
                              ./Core/Src/syscalls.o (__errno)
c:/st/stm32cubeide_1.10.1/stm32cubeide/plugins/com.st.stm32cube.ide.mcu.externaltools.gnu-tools-for-stm32.10.3-2021.10.win32_1.0.0.202111181127/tools/bin/../lib/gcc/arm-none-eabi/10.3.1/../../../../arm-none-eabi/lib/thumb/v7e-m+fp/hard\libc_nano.a(lib_a-exit.o)
                              c:/st/stm32cubeide_1.10.1/stm32cubeide/plugins/com.st.stm32cube.ide.mcu.externaltools.gnu-tools-for-stm32.10.3-2021.10.win32_1.0.0.202111181127/tools/bin/../lib/gcc/arm-none-eabi/10.3.1/../../../../arm-none-eabi/lib/thumb/v7e-m+fp/hard/crt0.o (exit)
c:/st/stm32cubeide_1.10.1/stm32cubeide/plugins/com.st.stm32cube.ide.mcu.externaltools.gnu-tools-for-stm32.10.3-2021.10.win32_1.0.0.202111181127/tools/bin/../lib/gcc/arm-none-eabi/10.3.1/../../../../arm-none-eabi/lib/thumb/v7e-m+fp/hard\libc_nano.a(lib_a-impure.o)
                              c:/st/stm32cubeide_1.10.1/stm32cubeide/plugins/com.st.stm32cube.ide.mcu.externaltools.gnu-tools-for-stm32.10.3-2021.10.win32_1.0.0.202111181127/tools/bin/../lib/gcc/arm-none-eabi/10.3.1/../../../../arm-none-eabi/lib/thumb/v7e-m+fp/hard\libc_nano.a(lib_a-exit.o) (_global_impure_ptr)
c:/st/stm32cubeide_1.10.1/stm32cubeide/plugins/com.st.stm32cube.ide.mcu.externaltools.gnu-tools-for-stm32.10.3-2021.10.win32_1.0.0.202111181127/tools/bin/../lib/gcc/arm-none-eabi/10.3.1/../../../../arm-none-eabi/lib/thumb/v7e-m+fp/hard\libc_nano.a(lib_a-init.o)
                              c:/st/stm32cubeide_1.10.1/stm32cubeide/plugins/com.st.stm32cube.ide.mcu.externaltools.gnu-tools-for-stm32.10.3-2021.10.win32_1.0.0.202111181127/tools/bin/../lib/gcc/arm-none-eabi/10.3.1/../../../../arm-none-eabi/lib/thumb/v7e-m+fp/hard/crt0.o (__libc_init_array)
c:/st/stm32cubeide_1.10.1/stm32cubeide/plugins/com.st.stm32cube.ide.mcu.externaltools.gnu-tools-for-stm32.10.3-2021.10.win32_1.0.0.202111181127/tools/bin/../lib/gcc/arm-none-eabi/10.3.1/../../../../arm-none-eabi/lib/thumb/v7e-m+fp/hard\libc_nano.a(lib_a-itoa.o)
                              ./Core/Src/main.o (itoa)
c:/st/stm32cubeide_1.10.1/stm32cubeide/plugins/com.st.stm32cube.ide.mcu.externaltools.gnu-tools-for-stm32.10.3-2021.10.win32_1.0.0.202111181127/tools/bin/../lib/gcc/arm-none-eabi/10.3.1/../../../../arm-none-eabi/lib/thumb/v7e-m+fp/hard\libc_nano.a(lib_a-memset.o)
                              c:/st/stm32cubeide_1.10.1/stm32cubeide/plugins/com.st.stm32cube.ide.mcu.externaltools.gnu-tools-for-stm32.10.3-2021.10.win32_1.0.0.202111181127/tools/bin/../lib/gcc/arm-none-eabi/10.3.1/../../../../arm-none-eabi/lib/thumb/v7e-m+fp/hard/crt0.o (memset)
c:/st/stm32cubeide_1.10.1/stm32cubeide/plugins/com.st.stm32cube.ide.mcu.externaltools.gnu-tools-for-stm32.10.3-2021.10.win32_1.0.0.202111181127/tools/bin/../lib/gcc/arm-none-eabi/10.3.1/../../../../arm-none-eabi/lib/thumb/v7e-m+fp/hard\libc_nano.a(lib_a-strlen.o)
                              ./Core/Src/fonts.o (strlen)
c:/st/stm32cubeide_1.10.1/stm32cubeide/plugins/com.st.stm32cube.ide.mcu.externaltools.gnu-tools-for-stm32.10.3-2021.10.win32_1.0.0.202111181127/tools/bin/../lib/gcc/arm-none-eabi/10.3.1/../../../../arm-none-eabi/lib/thumb/v7e-m+fp/hard\libc_nano.a(lib_a-utoa.o)
                              c:/st/stm32cubeide_1.10.1/stm32cubeide/plugins/com.st.stm32cube.ide.mcu.externaltools.gnu-tools-for-stm32.10.3-2021.10.win32_1.0.0.202111181127/tools/bin/../lib/gcc/arm-none-eabi/10.3.1/../../../../arm-none-eabi/lib/thumb/v7e-m+fp/hard\libc_nano.a(lib_a-itoa.o) (__utoa)
c:/st/stm32cubeide_1.10.1/stm32cubeide/plugins/com.st.stm32cube.ide.mcu.externaltools.gnu-tools-for-stm32.10.3-2021.10.win32_1.0.0.202111181127/tools/bin/../lib/gcc/arm-none-eabi/10.3.1/thumb/v7e-m+fp/hard\libgcc.a(_aeabi_uldivmod.o)
                              ./Drivers/STM32F4xx_HAL_Driver/Src/stm32f4xx_hal_rcc.o (__aeabi_uldivmod)
c:/st/stm32cubeide_1.10.1/stm32cubeide/plugins/com.st.stm32cube.ide.mcu.externaltools.gnu-tools-for-stm32.10.3-2021.10.win32_1.0.0.202111181127/tools/bin/../lib/gcc/arm-none-eabi/10.3.1/thumb/v7e-m+fp/hard\libgcc.a(_udivmoddi4.o)
                              c:/st/stm32cubeide_1.10.1/stm32cubeide/plugins/com.st.stm32cube.ide.mcu.externaltools.gnu-tools-for-stm32.10.3-2021.10.win32_1.0.0.202111181127/tools/bin/../lib/gcc/arm-none-eabi/10.3.1/thumb/v7e-m+fp/hard\libgcc.a(_aeabi_uldivmod.o) (__udivmoddi4)
c:/st/stm32cubeide_1.10.1/stm32cubeide/plugins/com.st.stm32cube.ide.mcu.externaltools.gnu-tools-for-stm32.10.3-2021.10.win32_1.0.0.202111181127/tools/bin/../lib/gcc/arm-none-eabi/10.3.1/thumb/v7e-m+fp/hard\libgcc.a(_dvmd_tls.o)
[...]
Memory Configuration

Name             Origin             Length             Attributes
RAM              0x0000000020000000 0x0000000000020000 xrw
FLASH            0x0000000008000000 0x0000000000080000 xr
*default*        0x0000000000000000 0xffffffffffffffff

Linker script and memory map

LOAD c:/st/stm32cubeide_1.10.1/stm32cubeide/plugins/com.st.stm32cube.ide.mcu.externaltools.gnu-tools-for-stm32.10.3-2021.10.win32_1.0.0.202111181127/tools/bin/../lib/gcc/arm-none-eabi/10.3.1/thumb/v7e-m+fp/hard/crti.o
LOAD c:/st/stm32cubeide_1.10.1/stm32cubeide/plugins/com.st.stm32cube.ide.mcu.externaltools.gnu-tools-for-stm32.10.3-2021.10.win32_1.0.0.202111181127/tools/bin/../lib/gcc/arm-none-eabi/10.3.1/thumb/v7e-m+fp/hard/crtbegin.o
LOAD c:/st/stm32cubeide_1.10.1/stm32cubeide/plugins/com.st.stm32cube.ide.mcu.externaltools.gnu-tools-for-stm32.10.3-2021.10.win32_1.0.0.202111181127/tools/bin/../lib/gcc/arm-none-eabi/10.3.1/../../../../arm-none-eabi/lib/thumb/v7e-m+fp/hard/crt0.o
LOAD ./Core/Src/fonts.o
LOAD ./Core/Src/main.o
LOAD ./Core/Src/ssd1306.o
LOAD ./Core/Src/stm32f4xx_hal_msp.o
LOAD ./Core/Src/stm32f4xx_it.o
LOAD ./Core/Src/syscalls.o
LOAD ./Core/Src/sysmem.o
LOAD ./Core/Src/system_stm32f4xx.o
LOAD ./Core/Startup/startup_stm32f411ceux.o
LOAD ./Drivers/STM32F4xx_HAL_Driver/Src/stm32f4xx_hal.o
LOAD ./Drivers/STM32F4xx_HAL_Driver/Src/stm32f4xx_hal_cortex.o
LOAD ./Drivers/STM32F4xx_HAL_Driver/Src/stm32f4xx_hal_dma.o
LOAD ./Drivers/STM32F4xx_HAL_Driver/Src/stm32f4xx_hal_dma_ex.o
LOAD ./Drivers/STM32F4xx_HAL_Driver/Src/stm32f4xx_hal_exti.o
LOAD ./Drivers/STM32F4xx_HAL_Driver/Src/stm32f4xx_hal_flash.o
LOAD ./Drivers/STM32F4xx_HAL_Driver/Src/stm32f4xx_hal_flash_ex.o
LOAD ./Drivers/STM32F4xx_HAL_Driver/Src/stm32f4xx_hal_flash_ramfunc.o
LOAD ./Drivers/STM32F4xx_HAL_Driver/Src/stm32f4xx_hal_gpio.o
LOAD ./Drivers/STM32F4xx_HAL_Driver/Src/stm32f4xx_hal_i2c.o
LOAD ./Drivers/STM32F4xx_HAL_Driver/Src/stm32f4xx_hal_i2c_ex.o
LOAD ./Drivers/STM32F4xx_HAL_Driver/Src/stm32f4xx_hal_pwr.o
LOAD ./Drivers/STM32F4xx_HAL_Driver/Src/stm32f4xx_hal_pwr_ex.o
LOAD ./Drivers/STM32F4xx_HAL_Driver/Src/stm32f4xx_hal_rcc.o
LOAD ./Drivers/STM32F4xx_HAL_Driver/Src/stm32f4xx_hal_rcc_ex.o
LOAD ./Drivers/STM32F4xx_HAL_Driver/Src/stm32f4xx_hal_tim.o
LOAD ./Drivers/STM32F4xx_HAL_Driver/Src/stm32f4xx_hal_tim_ex.o
START GROUP
LOAD c:/st/stm32cubeide_1.10.1/stm32cubeide/plugins/com.st.stm32cube.ide.mcu.externaltools.gnu-tools-for-stm32.10.3-2021.10.win32_1.0.0.202111181127/tools/bin/../lib/gcc/arm-none-eabi/10.3.1/../../../../arm-none-eabi/lib/thumb/v7e-m+fp/hard\libc_nano.a
LOAD c:/st/stm32cubeide_1.10.1/stm32cubeide/plugins/com.st.stm32cube.ide.mcu.externaltools.gnu-tools-for-stm32.10.3-2021.10.win32_1.0.0.202111181127/tools/bin/../lib/gcc/arm-none-eabi/10.3.1/../../../../arm-none-eabi/lib/thumb/v7e-m+fp/hard\libm.a
END GROUP
START GROUP
LOAD c:/st/stm32cubeide_1.10.1/stm32cubeide/plugins/com.st.stm32cube.ide.mcu.externaltools.gnu-tools-for-stm32.10.3-2021.10.win32_1.0.0.202111181127/tools/bin/../lib/gcc/arm-none-eabi/10.3.1/thumb/v7e-m+fp/hard\libgcc.a
LOAD c:/st/stm32cubeide_1.10.1/stm32cubeide/plugins/com.st.stm32cube.ide.mcu.externaltools.gnu-tools-for-stm32.10.3-2021.10.win32_1.0.0.202111181127/tools/bin/../lib/gcc/arm-none-eabi/10.3.1/../../../../arm-none-eabi/lib/thumb/v7e-m+fp/hard\libc_nano.a
END GROUP
START GROUP
LOAD c:/st/stm32cubeide_1.10.1/stm32cubeide/plugins/com.st.stm32cube.ide.mcu.externaltools.gnu-tools-for-stm32.10.3-2021.10.win32_1.0.0.202111181127/tools/bin/../lib/gcc/arm-none-eabi/10.3.1/thumb/v7e-m+fp/hard\libgcc.a
LOAD c:/st/stm32cubeide_1.10.1/stm32cubeide/plugins/com.st.stm32cube.ide.mcu.externaltools.gnu-tools-for-stm32.10.3-2021.10.win32_1.0.0.202111181127/tools/bin/../lib/gcc/arm-none-eabi/10.3.1/../../../../arm-none-eabi/lib/thumb/v7e-m+fp/hard\libc_nano.a
LOAD c:/st/stm32cubeide_1.10.1/stm32cubeide/plugins/com.st.stm32cube.ide.mcu.externaltools.gnu-tools-for-stm32.10.3-2021.10.win32_1.0.0.202111181127/tools/bin/../lib/gcc/arm-none-eabi/10.3.1/../../../../arm-none-eabi/lib/thumb/v7e-m+fp/hard\libnosys.a
END GROUP
START GROUP
LOAD c:/st/stm32cubeide_1.10.1/stm32cubeide/plugins/com.st.stm32cube.ide.mcu.externaltools.gnu-tools-for-stm32.10.3-2021.10.win32_1.0.0.202111181127/tools/bin/../lib/gcc/arm-none-eabi/10.3.1/thumb/v7e-m+fp/hard\libgcc.a
LOAD c:/st/stm32cubeide_1.10.1/stm32cubeide/plugins/com.st.stm32cube.ide.mcu.externaltools.gnu-tools-for-stm32.10.3-2021.10.win32_1.0.0.202111181127/tools/bin/../lib/gcc/arm-none-eabi/10.3.1/../../../../arm-none-eabi/lib/thumb/v7e-m+fp/hard\libc_nano.a
LOAD c:/st/stm32cubeide_1.10.1/stm32cubeide/plugins/com.st.stm32cube.ide.mcu.externaltools.gnu-tools-for-stm32.10.3-2021.10.win32_1.0.0.202111181127/tools/bin/../lib/gcc/arm-none-eabi/10.3.1/../../../../arm-none-eabi/lib/thumb/v7e-m+fp/hard\libnosys.a
END GROUP
LOAD c:/st/stm32cubeide_1.10.1/stm32cubeide/plugins/com.st.stm32cube.ide.mcu.externaltools.gnu-tools-for-stm32.10.3-2021.10.win32_1.0.0.202111181127/tools/bin/../lib/gcc/arm-none-eabi/10.3.1/thumb/v7e-m+fp/hard/crtend.o
LOAD c:/st/stm32cubeide_1.10.1/stm32cubeide/plugins/com.st.stm32cube.ide.mcu.externaltools.gnu-tools-for-stm32.10.3-2021.10.win32_1.0.0.202111181127/tools/bin/../lib/gcc/arm-none-eabi/10.3.1/thumb/v7e-m+fp/hard/crtn.o
                0x0000000020020000                _estack = (ORIGIN (RAM) + LENGTH (RAM))
                0x0000000000000200                _Min_Heap_Size = 0x200
                0x0000000000000400                _Min_Stack_Size = 0x400

.isr_vector     0x0000000008000000      0x198
                0x0000000008000000                . = ALIGN (0x4)
 *(.isr_vector)
 .isr_vector    0x0000000008000000      0x198 ./Core/Startup/startup_stm32f411ceux.o
                0x0000000008000000                g_pfnVectors
                0x0000000008000198                . = ALIGN (0x4)

.text           0x0000000008000198     0x3e10
                0x0000000008000198                . = ALIGN (0x4)
 *(.text)
 .text          0x0000000008000198       0x40 c:/st/stm32cubeide_1.10.1/stm32cubeide/plugins/com.st.stm32cube.ide.mcu.externaltools.gnu-tools-for-stm32.10.3-2021.10.win32_1.0.0.202111181127/tools/bin/../lib/gcc/arm-none-eabi/10.3.1/thumb/v7e-m+fp/hard/crtbegin.o
 .text          0x00000000080001d8       0x30 c:/st/stm32cubeide_1.10.1/stm32cubeide/plugins/com.st.stm32cube.ide.mcu.externaltools.gnu-tools-for-stm32.10.3-2021.10.win32_1.0.0.202111181127/tools/bin/../lib/gcc/arm-none-eabi/10.3.1/thumb/v7e-m+fp/hard\libgcc.a(_aeabi_uldivmod.o)
                0x00000000080001d8                __aeabi_uldivmod
 .text          0x0000000008000208      0x2d0 c:/st/stm32cubeide_1.10.1/stm32cubeide/plugins/com.st.stm32cube.ide.mcu.externaltools.gnu-tools-for-stm32.10.3-2021.10.win32_1.0.0.202111181127/tools/bin/../lib/gcc/arm-none-eabi/10.3.1/thumb/v7e-m+fp/hard\libgcc.a(_udivmoddi4.o)
                0x0000000008000208                __udivmoddi4
 .text          0x00000000080004d8        0x4 c:/st/stm32cubeide_1.10.1/stm32cubeide/plugins/com.st.stm32cube.ide.mcu.externaltools.gnu-tools-for-stm32.10.3-2021.10.win32_1.0.0.202111181127/tools/bin/../lib/gcc/arm-none-eabi/10.3.1/thumb/v7e-m+fp/hard\libgcc.a(_dvmd_tls.o)
                0x00000000080004d8                __aeabi_idiv0
                0x00000000080004d8                __aeabi_ldiv0
 *(.text*)
 .text.main     0x00000000080004dc      0x424 ./Core/Src/main.o
                0x00000000080004dc                main
 .text.SystemClock_Config
                0x0000000008000900       0xbc ./Core/Src/main.o
                0x0000000008000900                SystemClock_Config
 .text.MX_I2C1_Init
                0x00000000080009bc       0x5c ./Core/Src/main.o
 .text.MX_TIM1_Init
                0x0000000008000a18      0x140 ./Core/Src/main.o
 .text.MX_GPIO_Init
                0x0000000008000b58      0x164 ./Core/Src/main.o
 .text.incValue
                0x0000000008000cbc       0x58 ./Core/Src/main.o
                0x0000000008000cbc                incValue
 .text.decValue
                0x0000000008000d14       0x58 ./Core/Src/main.o
                0x0000000008000d14                decValue
 .text.saveMem  0x0000000008000d6c       0x4c ./Core/Src/main.o
                0x0000000008000d6c                saveMem
 .text.AD5111_UpdateParamter
                0x0000000008000db8       0x80 ./Core/Src/main.o
                0x0000000008000db8                AD5111_UpdateParamter
 .text.AD5111_GoToMax
                0x0000000008000e38       0x1c ./Core/Src/main.o
                0x0000000008000e38                AD5111_GoToMax
 .text.AD5111_GoToMin
                0x0000000008000e54       0x1c ./Core/Src/main.o
                0x0000000008000e54                AD5111_GoToMin
 .text.HAL_GPIO_EXTI_Callback
                0x0000000008000e70       0x78 ./Core/Src/main.o
                0x0000000008000e70                HAL_GPIO_EXTI_Callback
 .text.onceClearLCD
                0x0000000008000ee8       0x24 ./Core/Src/main.o
                0x0000000008000ee8                onceClearLCD
 .text.Error_Handler
                0x0000000008000f0c        0xa ./Core/Src/main.o
                0x0000000008000f0c                Error_Handler
 *fill*         0x0000000008000f16        0x2 
 .text.SSD1306_Init
                0x0000000008000f18      0x188 ./Core/Src/ssd1306.o
                0x0000000008000f18                SSD1306_Init
 .text.SSD1306_UpdateScreen
                0x00000000080010a0       0x5c ./Core/Src/ssd1306.o
                0x00000000080010a0                SSD1306_UpdateScreen
 .text.SSD1306_Fill
                0x00000000080010fc       0x30 ./Core/Src/ssd1306.o
                0x00000000080010fc                SSD1306_Fill
 .text.SSD1306_DrawPixel
                0x000000000800112c       0xc0 ./Core/Src/ssd1306.o
                0x000000000800112c                SSD1306_DrawPixel
 .text.SSD1306_GotoXY
                0x00000000080011ec       0x2c ./Core/Src/ssd1306.o
                0x00000000080011ec                SSD1306_GotoXY
 .text.SSD1306_Putc
                0x0000000008001218      0x100 ./Core/Src/ssd1306.o
                0x0000000008001218                SSD1306_Putc
 .text.SSD1306_Puts
                0x0000000008001318       0x4a ./Core/Src/ssd1306.o
                0x0000000008001318                SSD1306_Puts
 .text.SSD1306_Clear
                0x0000000008001362       0x12 ./Core/Src/ssd1306.o
                0x0000000008001362                SSD1306_Clear
 .text.ssd1306_I2C_Init
                0x0000000008001374       0x2c ./Core/Src/ssd1306.o
                0x0000000008001374                ssd1306_I2C_Init
 .text.ssd1306_I2C_WriteMulti
                0x00000000080013a0       0xcc ./Core/Src/ssd1306.o
                0x00000000080013a0                ssd1306_I2C_WriteMulti
 .text.ssd1306_I2C_Write
                0x000000000800146c       0x3c ./Core/Src/ssd1306.o
                0x000000000800146c                ssd1306_I2C_Write
 .text.HAL_MspInit
                0x00000000080014a8       0x50 ./Core/Src/stm32f4xx_hal_msp.o
                0x00000000080014a8                HAL_MspInit
 .text.HAL_I2C_MspInit
                0x00000000080014f8       0x90 ./Core/Src/stm32f4xx_hal_msp.o
                0x00000000080014f8                HAL_I2C_MspInit
 .text.HAL_TIM_Base_MspInit
                0x0000000008001588       0x44 ./Core/Src/stm32f4xx_hal_msp.o
                0x0000000008001588                HAL_TIM_Base_MspInit
 .text.HAL_TIM_MspPostInit
                0x00000000080015cc       0x74 ./Core/Src/stm32f4xx_hal_msp.o
                0x00000000080015cc                HAL_TIM_MspPostInit
 .text.NMI_Handler
                0x0000000008001640        0x6 ./Core/Src/stm32f4xx_it.o
                0x0000000008001640                NMI_Handler
 .text.HardFault_Handler
                0x0000000008001646        0x6 ./Core/Src/stm32f4xx_it.o
                0x0000000008001646                HardFault_Handler
 .text.MemManage_Handler
                0x000000000800164c        0x6 ./Core/Src/stm32f4xx_it.o
                0x000000000800164c                MemManage_Handler
 .text.BusFault_Handler
                0x0000000008001652        0x6 ./Core/Src/stm32f4xx_it.o
                0x0000000008001652                BusFault_Handler
 .text.UsageFault_Handler
                0x0000000008001658        0x6 ./Core/Src/stm32f4xx_it.o
                0x0000000008001658                UsageFault_Handler
 .text.SVC_Handler
                0x000000000800165e        0xe ./Core/Src/stm32f4xx_it.o
                0x000000000800165e                SVC_Handler
 .text.DebugMon_Handler
                0x000000000800166c        0xe ./Core/Src/stm32f4xx_it.o
                0x000000000800166c                DebugMon_Handler
 .text.PendSV_Handler
                0x000000000800167a        0xe ./Core/Src/stm32f4xx_it.o
                0x000000000800167a                PendSV_Handler
 .text.SysTick_Handler
                0x0000000008001688        0xc ./Core/Src/stm32f4xx_it.o
                0x0000000008001688                SysTick_Handler
 .text.EXTI0_IRQHandler
                0x0000000008001694        0xe ./Core/Src/stm32f4xx_it.o
                0x0000000008001694                EXTI0_IRQHandler
 .text.EXTI15_10_IRQHandler
                0x00000000080016a2       0x20 ./Core/Src/stm32f4xx_it.o
                0x00000000080016a2                EXTI15_10_IRQHandler
 *fill*         0x00000000080016c2        0x2 
 .text.SystemInit
                0x00000000080016c4       0x24 ./Core/Src/system_stm32f4xx.o
                0x00000000080016c4                SystemInit
 .text.Reset_Handler
                0x00000000080016e8       0x50 ./Core/Startup/startup_stm32f411ceux.o
                0x00000000080016e8                Reset_Handler
 .text.Default_Handler
                0x0000000008001738        0x2 ./Core/Startup/startup_stm32f411ceux.o
                0x0000000008001738                RTC_Alarm_IRQHandler
                0x0000000008001738                EXTI2_IRQHandler
                0x0000000008001738                SPI4_IRQHandler
                0x0000000008001738                TIM1_CC_IRQHandler
                0x0000000008001738                DMA2_Stream5_IRQHandler
                0x0000000008001738                DMA1_Stream5_IRQHandler
                0x0000000008001738                PVD_IRQHandler
                0x0000000008001738                SDIO_IRQHandler
                0x0000000008001738                TAMP_STAMP_IRQHandler
                0x0000000008001738                EXTI3_IRQHandler
                0x0000000008001738                TIM1_UP_TIM10_IRQHandler
                0x0000000008001738                I2C3_ER_IRQHandler
                0x0000000008001738                I2C2_EV_IRQHandler
                0x0000000008001738                DMA1_Stream2_IRQHandler
                0x0000000008001738                FPU_IRQHandler
                0x0000000008001738                DMA2_Stream2_IRQHandler
                0x0000000008001738                SPI1_IRQHandler
                0x0000000008001738                TIM1_BRK_TIM9_IRQHandler
                0x0000000008001738                DMA2_Stream3_IRQHandler
                0x0000000008001738                USART6_IRQHandler
                0x0000000008001738                DMA2_Stream0_IRQHandler
                0x0000000008001738                TIM4_IRQHandler
                0x0000000008001738                I2C1_EV_IRQHandler
                0x0000000008001738                DMA1_Stream6_IRQHandler
                0x0000000008001738                DMA1_Stream1_IRQHandler
                0x0000000008001738                TIM3_IRQHandler
                0x0000000008001738                RCC_IRQHandler
                0x0000000008001738                Default_Handler
                0x0000000008001738                ADC_IRQHandler
                0x0000000008001738                DMA1_Stream7_IRQHandler
                0x0000000008001738                SPI5_IRQHandler
                0x0000000008001738                TIM5_IRQHandler
                0x0000000008001738                DMA2_Stream7_IRQHandler
                0x0000000008001738                I2C3_EV_IRQHandler
                0x0000000008001738                EXTI9_5_IRQHandler
                0x0000000008001738                RTC_WKUP_IRQHandler
                0x0000000008001738                SPI2_IRQHandler
                0x0000000008001738                DMA1_Stream0_IRQHandler
                0x0000000008001738                EXTI4_IRQHandler
                0x0000000008001738                WWDG_IRQHandler
                0x0000000008001738                TIM2_IRQHandler
                0x0000000008001738                OTG_FS_WKUP_IRQHandler
                0x0000000008001738                TIM1_TRG_COM_TIM11_IRQHandler
                0x0000000008001738                EXTI1_IRQHandler
                0x0000000008001738                USART2_IRQHandler
                0x0000000008001738                I2C2_ER_IRQHandler
                0x0000000008001738                DMA2_Stream1_IRQHandler
                0x0000000008001738                FLASH_IRQHandler
                0x0000000008001738                DMA2_Stream4_IRQHandler
                0x0000000008001738                USART1_IRQHandler
                0x0000000008001738                OTG_FS_IRQHandler
                0x0000000008001738                SPI3_IRQHandler
                0x0000000008001738                DMA1_Stream4_IRQHandler
                0x0000000008001738                I2C1_ER_IRQHandler
                0x0000000008001738                DMA2_Stream6_IRQHandler
                0x0000000008001738                DMA1_Stream3_IRQHandler
 *fill*         0x000000000800173a        0x2 
 .text.HAL_Init
                0x000000000800173c       0x44 ./Drivers/STM32F4xx_HAL_Driver/Src/stm32f4xx_hal.o
                0x000000000800173c                HAL_Init
 .text.HAL_InitTick
                0x0000000008001780       0x60 ./Drivers/STM32F4xx_HAL_Driver/Src/stm32f4xx_hal.o
                0x0000000008001780                HAL_InitTick
 .text.HAL_IncTick
                0x00000000080017e0       0x28 ./Drivers/STM32F4xx_HAL_Driver/Src/stm32f4xx_hal.o
                0x00000000080017e0                HAL_IncTick
 .text.HAL_GetTick
                0x0000000008001808       0x18 ./Drivers/STM32F4xx_HAL_Driver/Src/stm32f4xx_hal.o
                0x0000000008001808                HAL_GetTick
 .text.HAL_Delay
                0x0000000008001820       0x48 ./Drivers/STM32F4xx_HAL_Driver/Src/stm32f4xx_hal.o
                0x0000000008001820                HAL_Delay
 .text.__NVIC_SetPriorityGrouping
                0x0000000008001868       0x48 ./Drivers/STM32F4xx_HAL_Driver/Src/stm32f4xx_hal_cortex.o
 .text.__NVIC_GetPriorityGrouping
                0x00000000080018b0       0x1c ./Drivers/STM32F4xx_HAL_Driver/Src/stm32f4xx_hal_cortex.o
 .text.__NVIC_EnableIRQ
                0x00000000080018cc       0x3c ./Drivers/STM32F4xx_HAL_Driver/Src/stm32f4xx_hal_cortex.o
 .text.__NVIC_SetPriority
                0x0000000008001908       0x54 ./Drivers/STM32F4xx_HAL_Driver/Src/stm32f4xx_hal_cortex.o
 .text.NVIC_EncodePriority
                0x000000000800195c       0x66 ./Drivers/STM32F4xx_HAL_Driver/Src/stm32f4xx_hal_cortex.o
 *fill*         0x00000000080019c2        0x2 
 .text.SysTick_Config
                0x00000000080019c4       0x44 ./Drivers/STM32F4xx_HAL_Driver/Src/stm32f4xx_hal_cortex.o
 .text.HAL_NVIC_SetPriorityGrouping
                0x0000000008001a08       0x16 ./Drivers/STM32F4xx_HAL_Driver/Src/stm32f4xx_hal_cortex.o
                0x0000000008001a08                HAL_NVIC_SetPriorityGrouping
 .text.HAL_NVIC_SetPriority
                0x0000000008001a1e       0x38 ./Drivers/STM32F4xx_HAL_Driver/Src/stm32f4xx_hal_cortex.o
                0x0000000008001a1e                HAL_NVIC_SetPriority
 .text.HAL_NVIC_EnableIRQ
                0x0000000008001a56       0x1c ./Drivers/STM32F4xx_HAL_Driver/Src/stm32f4xx_hal_cortex.o
                0x0000000008001a56                HAL_NVIC_EnableIRQ
 .text.HAL_SYSTICK_Config
                0x0000000008001a72       0x18 ./Drivers/STM32F4xx_HAL_Driver/Src/stm32f4xx_hal_cortex.o
                0x0000000008001a72                HAL_SYSTICK_Config
 *fill*         0x0000000008001a8a        0x2 
 .text.HAL_GPIO_Init
                0x0000000008001a8c      0x308 ./Drivers/STM32F4xx_HAL_Driver/Src/stm32f4xx_hal_gpio.o
                0x0000000008001a8c                HAL_GPIO_Init
 .text.HAL_GPIO_ReadPin
                0x0000000008001d94       0x30 ./Drivers/STM32F4xx_HAL_Driver/Src/stm32f4xx_hal_gpio.o
                0x0000000008001d94                HAL_GPIO_ReadPin
 .text.HAL_GPIO_WritePin
                0x0000000008001dc4       0x32 ./Drivers/STM32F4xx_HAL_Driver/Src/stm32f4xx_hal_gpio.o
                0x0000000008001dc4                HAL_GPIO_WritePin
 *fill*         0x0000000008001df6        0x2 
 .text.HAL_GPIO_EXTI_IRQHandler
                0x0000000008001df8       0x30 ./Drivers/STM32F4xx_HAL_Driver/Src/stm32f4xx_hal_gpio.o
                0x0000000008001df8                HAL_GPIO_EXTI_IRQHandler
 .text.HAL_I2C_Init
                0x0000000008001e28      0x288 ./Drivers/STM32F4xx_HAL_Driver/Src/stm32f4xx_hal_i2c.o
                0x0000000008001e28                HAL_I2C_Init
 .text.HAL_I2C_Master_Transmit
                0x00000000080020b0      0x1fc ./Drivers/STM32F4xx_HAL_Driver/Src/stm32f4xx_hal_i2c.o
                0x00000000080020b0                HAL_I2C_Master_Transmit
 .text.HAL_I2C_IsDeviceReady
                0x00000000080022ac      0x25c ./Drivers/STM32F4xx_HAL_Driver/Src/stm32f4xx_hal_i2c.o
                0x00000000080022ac                HAL_I2C_IsDeviceReady
 .text.I2C_MasterRequestWrite
                0x0000000008002508      0x104 ./Drivers/STM32F4xx_HAL_Driver/Src/stm32f4xx_hal_i2c.o
 .text.I2C_WaitOnFlagUntilTimeout
                0x000000000800260c       0xae ./Drivers/STM32F4xx_HAL_Driver/Src/stm32f4xx_hal_i2c.o
 .text.I2C_WaitOnMasterAddressFlagUntilTimeout
                0x00000000080026ba       0xfe ./Drivers/STM32F4xx_HAL_Driver/Src/stm32f4xx_hal_i2c.o
 .text.I2C_WaitOnTXEFlagUntilTimeout
                0x00000000080027b8       0x82 ./Drivers/STM32F4xx_HAL_Driver/Src/stm32f4xx_hal_i2c.o
 .text.I2C_WaitOnBTFFlagUntilTimeout
                0x000000000800283a       0x82 ./Drivers/STM32F4xx_HAL_Driver/Src/stm32f4xx_hal_i2c.o
 .text.I2C_IsAcknowledgeFailed
                0x00000000080028bc       0x5e ./Drivers/STM32F4xx_HAL_Driver/Src/stm32f4xx_hal_i2c.o
 *fill*         0x000000000800291a        0x2 
 .text.HAL_RCC_OscConfig
                0x000000000800291c      0x4f0 ./Drivers/STM32F4xx_HAL_Driver/Src/stm32f4xx_hal_rcc.o
                0x000000000800291c                HAL_RCC_OscConfig
 .text.HAL_RCC_ClockConfig
                0x0000000008002e0c      0x1cc ./Drivers/STM32F4xx_HAL_Driver/Src/stm32f4xx_hal_rcc.o
                0x0000000008002e0c                HAL_RCC_ClockConfig
 .text.HAL_RCC_GetSysClockFreq
                0x0000000008002fd8      0x18c ./Drivers/STM32F4xx_HAL_Driver/Src/stm32f4xx_hal_rcc.o
                0x0000000008002fd8                HAL_RCC_GetSysClockFreq
 .text.HAL_RCC_GetHCLKFreq
                0x0000000008003164       0x18 ./Drivers/STM32F4xx_HAL_Driver/Src/stm32f4xx_hal_rcc.o
                0x0000000008003164                HAL_RCC_GetHCLKFreq
 .text.HAL_RCC_GetPCLK1Freq
                0x000000000800317c       0x28 ./Drivers/STM32F4xx_HAL_Driver/Src/stm32f4xx_hal_rcc.o
                0x000000000800317c                HAL_RCC_GetPCLK1Freq
 .text.HAL_TIM_Base_Init
                0x00000000080031a4       0x9e ./Drivers/STM32F4xx_HAL_Driver/Src/stm32f4xx_hal_tim.o
                0x00000000080031a4                HAL_TIM_Base_Init
 .text.HAL_TIM_PWM_Init
                0x0000000008003242       0x9e ./Drivers/STM32F4xx_HAL_Driver/Src/stm32f4xx_hal_tim.o
                0x0000000008003242                HAL_TIM_PWM_Init
 .text.HAL_TIM_PWM_MspInit
                0x00000000080032e0       0x14 ./Drivers/STM32F4xx_HAL_Driver/Src/stm32f4xx_hal_tim.o
                0x00000000080032e0                HAL_TIM_PWM_MspInit
 .text.HAL_TIM_PWM_Start
                0x00000000080032f4      0x160 ./Drivers/STM32F4xx_HAL_Driver/Src/stm32f4xx_hal_tim.o
                0x00000000080032f4                HAL_TIM_PWM_Start
 .text.HAL_TIM_PWM_ConfigChannel
                0x0000000008003454      0x184 ./Drivers/STM32F4xx_HAL_Driver/Src/stm32f4xx_hal_tim.o
                0x0000000008003454                HAL_TIM_PWM_ConfigChannel
 .text.HAL_TIM_ConfigClockSource
                0x00000000080035d8      0x18e ./Drivers/STM32F4xx_HAL_Driver/Src/stm32f4xx_hal_tim.o
                0x00000000080035d8                HAL_TIM_ConfigClockSource
 *fill*         0x0000000008003766        0x2 
 .text.TIM_Base_SetConfig
                0x0000000008003768      0x100 ./Drivers/STM32F4xx_HAL_Driver/Src/stm32f4xx_hal_tim.o
                0x0000000008003768                TIM_Base_SetConfig
 .text.TIM_OC1_SetConfig
                0x0000000008003868       0xcc ./Drivers/STM32F4xx_HAL_Driver/Src/stm32f4xx_hal_tim.o
 .text.TIM_OC2_SetConfig
                0x0000000008003934       0xd8 ./Drivers/STM32F4xx_HAL_Driver/Src/stm32f4xx_hal_tim.o
                0x0000000008003934                TIM_OC2_SetConfig
 .text.TIM_OC3_SetConfig
                0x0000000008003a0c       0xd4 ./Drivers/STM32F4xx_HAL_Driver/Src/stm32f4xx_hal_tim.o
 .text.TIM_OC4_SetConfig
                0x0000000008003ae0       0xa0 ./Drivers/STM32F4xx_HAL_Driver/Src/stm32f4xx_hal_tim.o
 .text.TIM_TI1_ConfigInputStage
                0x0000000008003b80       0x5e ./Drivers/STM32F4xx_HAL_Driver/Src/stm32f4xx_hal_tim.o
 .text.TIM_TI2_ConfigInputStage
                0x0000000008003bde       0x60 ./Drivers/STM32F4xx_HAL_Driver/Src/stm32f4xx_hal_tim.o
 .text.TIM_ITRx_SetConfig
                0x0000000008003c3e       0x36 ./Drivers/STM32F4xx_HAL_Driver/Src/stm32f4xx_hal_tim.o
 .text.TIM_ETR_SetConfig
                0x0000000008003c74       0x40 ./Drivers/STM32F4xx_HAL_Driver/Src/stm32f4xx_hal_tim.o
                0x0000000008003c74                TIM_ETR_SetConfig
 .text.TIM_CCxChannelCmd
                0x0000000008003cb4       0x4a ./Drivers/STM32F4xx_HAL_Driver/Src/stm32f4xx_hal_tim.o
                0x0000000008003cb4                TIM_CCxChannelCmd
 *fill*         0x0000000008003cfe        0x2 
 .text.HAL_TIMEx_MasterConfigSynchronization
                0x0000000008003d00       0xdc ./Drivers/STM32F4xx_HAL_Driver/Src/stm32f4xx_hal_tim_ex.o
                0x0000000008003d00                HAL_TIMEx_MasterConfigSynchronization
 .text.HAL_TIMEx_ConfigBreakDeadTime
                0x0000000008003ddc       0xa4 ./Drivers/STM32F4xx_HAL_Driver/Src/stm32f4xx_hal_tim_ex.o
                0x0000000008003ddc                HAL_TIMEx_ConfigBreakDeadTime
 .text.__libc_init_array
                0x0000000008003e80       0x48 c:/st/stm32cubeide_1.10.1/stm32cubeide/plugins/com.st.stm32cube.ide.mcu.externaltools.gnu-tools-for-stm32.10.3-2021.10.win32_1.0.0.202111181127/tools/bin/../lib/gcc/arm-none-eabi/10.3.1/../../../../arm-none-eabi/lib/thumb/v7e-m+fp/hard\libc_nano.a(lib_a-init.o)
                0x0000000008003e80                __libc_init_array
 .text.__itoa   0x0000000008003ec8       0x30 c:/st/stm32cubeide_1.10.1/stm32cubeide/plugins/com.st.stm32cube.ide.mcu.externaltools.gnu-tools-for-stm32.10.3-2021.10.win32_1.0.0.202111181127/tools/bin/../lib/gcc/arm-none-eabi/10.3.1/../../../../arm-none-eabi/lib/thumb/v7e-m+fp/hard\libc_nano.a(lib_a-itoa.o)
                0x0000000008003ec8                __itoa
 .text.itoa     0x0000000008003ef8        0x4 c:/st/stm32cubeide_1.10.1/stm32cubeide/plugins/com.st.stm32cube.ide.mcu.externaltools.gnu-tools-for-stm32.10.3-2021.10.win32_1.0.0.202111181127/tools/bin/../lib/gcc/arm-none-eabi/10.3.1/../../../../arm-none-eabi/lib/thumb/v7e-m+fp/hard\libc_nano.a(lib_a-itoa.o)
                0x0000000008003ef8                itoa
 .text.memset   0x0000000008003efc       0x10 c:/st/stm32cubeide_1.10.1/stm32cubeide/plugins/com.st.stm32cube.ide.mcu.externaltools.gnu-tools-for-stm32.10.3-2021.10.win32_1.0.0.202111181127/tools/bin/../lib/gcc/arm-none-eabi/10.3.1/../../../../arm-none-eabi/lib/thumb/v7e-m+fp/hard\libc_nano.a(lib_a-memset.o)
                0x0000000008003efc                memset
 .text.__utoa   0x0000000008003f0c       0x84 c:/st/stm32cubeide_1.10.1/stm32cubeide/plugins/com.st.stm32cube.ide.mcu.externaltools.gnu-tools-for-stm32.10.3-2021.10.win32_1.0.0.202111181127/tools/bin/../lib/gcc/arm-none-eabi/10.3.1/../../../../arm-none-eabi/lib/thumb/v7e-m+fp/hard\libc_nano.a(lib_a-utoa.o)
                0x0000000008003f0c                __utoa
 *(.glue_7)
 .glue_7        0x0000000008003f90        0x0 linker stubs
 *(.glue_7t)
 .glue_7t       0x0000000008003f90        0x0 linker stubs
 *(.eh_frame)
 .eh_frame      0x0000000008003f90        0x0 c:/st/stm32cubeide_1.10.1/stm32cubeide/plugins/com.st.stm32cube.ide.mcu.externaltools.gnu-tools-for-stm32.10.3-2021.10.win32_1.0.0.202111181127/tools/bin/../lib/gcc/arm-none-eabi/10.3.1/thumb/v7e-m+fp/hard/crtbegin.o
 *(.init)
 .init          0x0000000008003f90        0x4 c:/st/stm32cubeide_1.10.1/stm32cubeide/plugins/com.st.stm32cube.ide.mcu.externaltools.gnu-tools-for-stm32.10.3-2021.10.win32_1.0.0.202111181127/tools/bin/../lib/gcc/arm-none-eabi/10.3.1/thumb/v7e-m+fp/hard/crti.o
                0x0000000008003f90                _init
 .init          0x0000000008003f94        0x8 c:/st/stm32cubeide_1.10.1/stm32cubeide/plugins/com.st.stm32cube.ide.mcu.externaltools.gnu-tools-for-stm32.10.3-2021.10.win32_1.0.0.202111181127/tools/bin/../lib/gcc/arm-none-eabi/10.3.1/thumb/v7e-m+fp/hard/crtn.o
 *(.fini)
 .fini          0x0000000008003f9c        0x4 c:/st/stm32cubeide_1.10.1/stm32cubeide/plugins/com.st.stm32cube.ide.mcu.externaltools.gnu-tools-for-stm32.10.3-2021.10.win32_1.0.0.202111181127/tools/bin/../lib/gcc/arm-none-eabi/10.3.1/thumb/v7e-m+fp/hard/crti.o
                0x0000000008003f9c                _fini
 .fini          0x0000000008003fa0        0x8 c:/st/stm32cubeide_1.10.1/stm32cubeide/plugins/com.st.stm32cube.ide.mcu.externaltools.gnu-tools-for-stm32.10.3-2021.10.win32_1.0.0.202111181127/tools/bin/../lib/gcc/arm-none-eabi/10.3.1/thumb/v7e-m+fp/hard/crtn.o
                0x0000000008003fa8                . = ALIGN (0x4)
                0x0000000008003fa8                _etext = .

.vfp11_veneer   0x0000000008003fa8        0x0
 .vfp11_veneer  0x0000000008003fa8        0x0 linker stubs

.v4_bx          0x0000000008003fa8        0x0
 .v4_bx         0x0000000008003fa8        0x0 linker stubs

.iplt           0x0000000008003fa8        0x0
 .iplt          0x0000000008003fa8        0x0 c:/st/stm32cubeide_1.10.1/stm32cubeide/plugins/com.st.stm32cube.ide.mcu.externaltools.gnu-tools-for-stm32.10.3-2021.10.win32_1.0.0.202111181127/tools/bin/../lib/gcc/arm-none-eabi/10.3.1/thumb/v7e-m+fp/hard/crtbegin.o

.rodata         0x0000000008003fa8     0x1574
                0x0000000008003fa8                . = ALIGN (0x4)
 *(.rodata)
 .rodata        0x0000000008003fa8       0x6c ./Core/Src/main.o
 *(.rodata*)
 .rodata.Font7x10
                0x0000000008004014      0x76c ./Core/Src/fonts.o
                0x0000000008004014                Font7x10
 .rodata.Font11x18
                0x0000000008004780      0xd5c ./Core/Src/fonts.o
                0x0000000008004780                Font11x18
 .rodata.AHBPrescTable
                0x00000000080054dc       0x10 ./Core/Src/system_stm32f4xx.o
                0x00000000080054dc                AHBPrescTable
 .rodata.APBPrescTable
                0x00000000080054ec        0x8 ./Core/Src/system_stm32f4xx.o
                0x00000000080054ec                APBPrescTable
 .rodata.__utoa.str1.1
                0x00000000080054f4       0x25 c:/st/stm32cubeide_1.10.1/stm32cubeide/plugins/com.st.stm32cube.ide.mcu.externaltools.gnu-tools-for-stm32.10.3-2021.10.win32_1.0.0.202111181127/tools/bin/../lib/gcc/arm-none-eabi/10.3.1/../../../../arm-none-eabi/lib/thumb/v7e-m+fp/hard\libc_nano.a(lib_a-utoa.o)
                0x000000000800551c                . = ALIGN (0x4)
 *fill*         0x0000000008005519        0x3 

.ARM.extab      0x000000000800551c        0x0
                0x000000000800551c                . = ALIGN (0x4)
 *(.ARM.extab* .gnu.linkonce.armextab.*)
                0x000000000800551c                . = ALIGN (0x4)

.ARM            0x000000000800551c        0x8
                0x000000000800551c                . = ALIGN (0x4)
                0x000000000800551c                __exidx_start = .
 *(.ARM.exidx*)
 .ARM.exidx     0x000000000800551c        0x8 c:/st/stm32cubeide_1.10.1/stm32cubeide/plugins/com.st.stm32cube.ide.mcu.externaltools.gnu-tools-for-stm32.10.3-2021.10.win32_1.0.0.202111181127/tools/bin/../lib/gcc/arm-none-eabi/10.3.1/thumb/v7e-m+fp/hard\libgcc.a(_udivmoddi4.o)
                0x0000000008005524                __exidx_end = .
                0x0000000008005524                . = ALIGN (0x4)

.rel.dyn        0x0000000008005524        0x0
 .rel.iplt      0x0000000008005524        0x0 c:/st/stm32cubeide_1.10.1/stm32cubeide/plugins/com.st.stm32cube.ide.mcu.externaltools.gnu-tools-for-stm32.10.3-2021.10.win32_1.0.0.202111181127/tools/bin/../lib/gcc/arm-none-eabi/10.3.1/thumb/v7e-m+fp/hard/crtbegin.o

.preinit_array  0x0000000008005524        0x0
                0x0000000008005524                . = ALIGN (0x4)
                0x0000000008005524                PROVIDE (__preinit_array_start = .)
 *(.preinit_array*)
                0x0000000008005524                PROVIDE (__preinit_array_end = .)
                0x0000000008005524                . = ALIGN (0x4)

.init_array     0x0000000008005524        0x4
                0x0000000008005524                . = ALIGN (0x4)
                0x0000000008005524                PROVIDE (__init_array_start = .)
 *(SORT_BY_NAME(.init_array.*))
 *(.init_array*)
 .init_array    0x0000000008005524        0x4 c:/st/stm32cubeide_1.10.1/stm32cubeide/plugins/com.st.stm32cube.ide.mcu.externaltools.gnu-tools-for-stm32.10.3-2021.10.win32_1.0.0.202111181127/tools/bin/../lib/gcc/arm-none-eabi/10.3.1/thumb/v7e-m+fp/hard/crtbegin.o
                0x0000000008005528                PROVIDE (__init_array_end = .)
                0x0000000008005528                . = ALIGN (0x4)

.fini_array     0x0000000008005528        0x4
                0x0000000008005528                . = ALIGN (0x4)
                [!provide]                        PROVIDE (__fini_array_start = .)
 *(SORT_BY_NAME(.fini_array.*))
 *(.fini_array*)
 .fini_array    0x0000000008005528        0x4 c:/st/stm32cubeide_1.10.1/stm32cubeide/plugins/com.st.stm32cube.ide.mcu.externaltools.gnu-tools-for-stm32.10.3-2021.10.win32_1.0.0.202111181127/tools/bin/../lib/gcc/arm-none-eabi/10.3.1/thumb/v7e-m+fp/hard/crtbegin.o
                [!provide]                        PROVIDE (__fini_array_end = .)
                0x000000000800552c                . = ALIGN (0x4)
                0x000000000800552c                _sidata = LOADADDR (.data)

.data           0x0000000020000000       0x30 load address 0x000000000800552c
                0x0000000020000000                . = ALIGN (0x4)
                0x0000000020000000                _sdata = .
 *(.data)
 *(.data*)
 .data.Font_7x10
                0x0000000020000000        0x8 ./Core/Src/fonts.o
                0x0000000020000000                Font_7x10
 .data.Font_11x18
                0x0000000020000008        0x8 ./Core/Src/fonts.o
                0x0000000020000008                Font_11x18
 .data.AD5111MaxPos
                0x0000000020000010        0x4 ./Core/Src/main.o
                0x0000000020000010                AD5111MaxPos
 .data.EnableUP
                0x0000000020000014        0x4 ./Core/Src/main.o
                0x0000000020000014                EnableUP
 .data.EnableDOWN
                0x0000000020000018        0x4 ./Core/Src/main.o
                0x0000000020000018                EnableDOWN
 .data.T1_PulseWide
                0x000000002000001c        0x4 ./Core/Src/main.o
                0x000000002000001c                T1_PulseWide
 .data.T1_Periode
                0x0000000020000020        0x4 ./Core/Src/main.o
                0x0000000020000020                T1_Periode
 .data.SystemCoreClock
                0x0000000020000024        0x4 ./Core/Src/system_stm32f4xx.o
                0x0000000020000024                SystemCoreClock
 .data.uwTickPrio
                0x0000000020000028        0x4 ./Drivers/STM32F4xx_HAL_Driver/Src/stm32f4xx_hal.o
                0x0000000020000028                uwTickPrio
 .data.uwTickFreq
                0x000000002000002c        0x1 ./Drivers/STM32F4xx_HAL_Driver/Src/stm32f4xx_hal.o
                0x000000002000002c                uwTickFreq
 *(.RamFunc)
 *(.RamFunc*)
                0x0000000020000030                . = ALIGN (0x4)
 *fill*         0x000000002000002d        0x3 
                0x0000000020000030                _edata = .

.igot.plt       0x0000000020000030        0x0 load address 0x000000000800555c
 .igot.plt      0x0000000020000030        0x0 c:/st/stm32cubeide_1.10.1/stm32cubeide/plugins/com.st.stm32cube.ide.mcu.externaltools.gnu-tools-for-stm32.10.3-2021.10.win32_1.0.0.202111181127/tools/bin/../lib/gcc/arm-none-eabi/10.3.1/thumb/v7e-m+fp/hard/crtbegin.o
                0x0000000020000030                . = ALIGN (0x4)

.bss            0x0000000020000030      0x4f4 load address 0x000000000800555c
                0x0000000020000030                _sbss = .
                0x0000000020000030                __bss_start__ = _sbss
 *(.bss)
 .bss           0x0000000020000030       0x1c c:/st/stm32cubeide_1.10.1/stm32cubeide/plugins/com.st.stm32cube.ide.mcu.externaltools.gnu-tools-for-stm32.10.3-2021.10.win32_1.0.0.202111181127/tools/bin/../lib/gcc/arm-none-eabi/10.3.1/thumb/v7e-m+fp/hard/crtbegin.o
 *(.bss*)
 .bss.AD5111Pos
                0x000000002000004c        0x4 ./Core/Src/main.o
                0x000000002000004c                AD5111Pos
 .bss.AD5111GoalPos
                0x0000000020000050        0x4 ./Core/Src/main.o
                0x0000000020000050                AD5111GoalPos
 .bss.AD5111MinPos
                0x0000000020000054        0x4 ./Core/Src/main.o
                0x0000000020000054                AD5111MinPos
 .bss.Button_Status
                0x0000000020000058        0x4 ./Core/Src/main.o
                0x0000000020000058                Button_Status
 .bss.Button_UP
                0x000000002000005c        0x4 ./Core/Src/main.o
                0x000000002000005c                Button_UP
 .bss.Button_DOWN
                0x0000000020000060        0x4 ./Core/Src/main.o
                0x0000000020000060                Button_DOWN
 .bss.ButtonLightingTime
                0x0000000020000064        0x4 ./Core/Src/main.o
                0x0000000020000064                ButtonLightingTime
 .bss.BLT_Counter
                0x0000000020000068        0x4 ./Core/Src/main.o
                0x0000000020000068                BLT_Counter
 .bss.countClear
                0x000000002000006c        0x4 ./Core/Src/main.o
                0x000000002000006c                countClear
 .bss.Bussy     0x0000000020000070        0x4 ./Core/Src/main.o
                0x0000000020000070                Bussy
 .bss.Pos       0x0000000020000074        0x5 ./Core/Src/main.o
                0x0000000020000074                Pos
 *fill*         0x0000000020000079        0x3 
 .bss.hi2c1     0x000000002000007c       0x54 ./Core/Src/main.o
                0x000000002000007c                hi2c1
 .bss.htim1     0x00000000200000d0       0x48 ./Core/Src/main.o
                0x00000000200000d0                htim1
 .bss.SSD1306_Buffer
                0x0000000020000118      0x400 ./Core/Src/ssd1306.o
 .bss.SSD1306   0x0000000020000518        0x6 ./Core/Src/ssd1306.o
 *fill*         0x000000002000051e        0x2 
 .bss.uwTick    0x0000000020000520        0x4 ./Drivers/STM32F4xx_HAL_Driver/Src/stm32f4xx_hal.o
                0x0000000020000520                uwTick
 *(COMMON)
                0x0000000020000524                . = ALIGN (0x4)
                0x0000000020000524                _ebss = .
                0x0000000020000524                __bss_end__ = _ebss

._user_heap_stack
                0x0000000020000524      0x604 load address 0x000000000800555c
                0x0000000020000528                . = ALIGN (0x8)
 *fill*         0x0000000020000524        0x4 
                [!provide]                        PROVIDE (end = .)
                0x0000000020000528                PROVIDE (_end = .)
                0x0000000020000728                . = (. + _Min_Heap_Size)
 *fill*         0x0000000020000528      0x200 
                0x0000000020000b28                . = (. + _Min_Stack_Size)
 *fill*         0x0000000020000728      0x400 
                0x0000000020000b28                . = ALIGN (0x8)

/DISCARD/
 libc.a(*)
 libm.a(*)
 libgcc.a(*)

.ARM.attributes
                0x0000000000000000       0x30
 *(.ARM.attributes)
 .ARM.attributes
                0x0000000000000000       0x1e c:/st/stm32cubeide_1.10.1/stm32cubeide/plugins/com.st.stm32cube.ide.mcu.externaltools.gnu-tools-for-stm32.10.3-2021.10.win32_1.0.0.202111181127/tools/bin/../lib/gcc/arm-none-eabi/10.3.1/thumb/v7e-m+fp/hard/crti.o
 .ARM.attributes
                0x000000000000001e       0x34 c:/st/stm32cubeide_1.10.1/stm32cubeide/plugins/com.st.stm32cube.ide.mcu.externaltools.gnu-tools-for-stm32.10.3-2021.10.win32_1.0.0.202111181127/tools/bin/../lib/gcc/arm-none-eabi/10.3.1/thumb/v7e-m+fp/hard/crtbegin.o
 .ARM.attributes
                0x0000000000000052       0x34 ./Core/Src/fonts.o
 .ARM.attributes
                0x0000000000000086       0x34 ./Core/Src/main.o
 .ARM.attributes
                0x00000000000000ba       0x34 ./Core/Src/ssd1306.o
 .ARM.attributes
                0x00000000000000ee       0x34 ./Core/Src/stm32f4xx_hal_msp.o
 .ARM.attributes
                0x0000000000000122       0x34 ./Core/Src/stm32f4xx_it.o
 .ARM.attributes
                0x0000000000000156       0x34 ./Core/Src/system_stm32f4xx.o
 .ARM.attributes
                0x000000000000018a       0x21 ./Core/Startup/startup_stm32f411ceux.o
 .ARM.attributes
                0x00000000000001ab       0x34 ./Drivers/STM32F4xx_HAL_Driver/Src/stm32f4xx_hal.o
 .ARM.attributes
                0x00000000000001df       0x34 ./Drivers/STM32F4xx_HAL_Driver/Src/stm32f4xx_hal_cortex.o
 .ARM.attributes
                0x0000000000000213       0x34 ./Drivers/STM32F4xx_HAL_Driver/Src/stm32f4xx_hal_gpio.o
 .ARM.attributes
                0x0000000000000247       0x34 ./Drivers/STM32F4xx_HAL_Driver/Src/stm32f4xx_hal_i2c.o
 .ARM.attributes
                0x000000000000027b       0x34 ./Drivers/STM32F4xx_HAL_Driver/Src/stm32f4xx_hal_rcc.o
 .ARM.attributes
                0x00000000000002af       0x34 ./Drivers/STM32F4xx_HAL_Driver/Src/stm32f4xx_hal_tim.o
 .ARM.attributes
                0x00000000000002e3       0x34 ./Drivers/STM32F4xx_HAL_Driver/Src/stm32f4xx_hal_tim_ex.o
 .ARM.attributes
                0x0000000000000317       0x34 c:/st/stm32cubeide_1.10.1/stm32cubeide/plugins/com.st.stm32cube.ide.mcu.externaltools.gnu-tools-for-stm32.10.3-2021.10.win32_1.0.0.202111181127/tools/bin/../lib/gcc/arm-none-eabi/10.3.1/../../../../arm-none-eabi/lib/thumb/v7e-m+fp/hard\libc_nano.a(lib_a-init.o)
 .ARM.attributes
                0x000000000000034b       0x34 c:/st/stm32cubeide_1.10.1/stm32cubeide/plugins/com.st.stm32cube.ide.mcu.externaltools.gnu-tools-for-stm32.10.3-2021.10.win32_1.0.0.202111181127/tools/bin/../lib/gcc/arm-none-eabi/10.3.1/../../../../arm-none-eabi/lib/thumb/v7e-m+fp/hard\libc_nano.a(lib_a-itoa.o)
 .ARM.attributes
                0x000000000000037f       0x34 c:/st/stm32cubeide_1.10.1/stm32cubeide/plugins/com.st.stm32cube.ide.mcu.externaltools.gnu-tools-for-stm32.10.3-2021.10.win32_1.0.0.202111181127/tools/bin/../lib/gcc/arm-none-eabi/10.3.1/../../../../arm-none-eabi/lib/thumb/v7e-m+fp/hard\libc_nano.a(lib_a-memset.o)
 .ARM.attributes
                0x00000000000003b3       0x34 c:/st/stm32cubeide_1.10.1/stm32cubeide/plugins/com.st.stm32cube.ide.mcu.externaltools.gnu-tools-for-stm32.10.3-2021.10.win32_1.0.0.202111181127/tools/bin/../lib/gcc/arm-none-eabi/10.3.1/../../../../arm-none-eabi/lib/thumb/v7e-m+fp/hard\libc_nano.a(lib_a-utoa.o)
 .ARM.attributes
                0x00000000000003e7       0x1e c:/st/stm32cubeide_1.10.1/stm32cubeide/plugins/com.st.stm32cube.ide.mcu.externaltools.gnu-tools-for-stm32.10.3-2021.10.win32_1.0.0.202111181127/tools/bin/../lib/gcc/arm-none-eabi/10.3.1/thumb/v7e-m+fp/hard\libgcc.a(_aeabi_uldivmod.o)
 .ARM.attributes
                0x0000000000000405       0x34 c:/st/stm32cubeide_1.10.1/stm32cubeide/plugins/com.st.stm32cube.ide.mcu.externaltools.gnu-tools-for-stm32.10.3-2021.10.win32_1.0.0.202111181127/tools/bin/../lib/gcc/arm-none-eabi/10.3.1/thumb/v7e-m+fp/hard\libgcc.a(_udivmoddi4.o)
 .ARM.attributes
                0x0000000000000439       0x1e c:/st/stm32cubeide_1.10.1/stm32cubeide/plugins/com.st.stm32cube.ide.mcu.externaltools.gnu-tools-for-stm32.10.3-2021.10.win32_1.0.0.202111181127/tools/bin/../lib/gcc/arm-none-eabi/10.3.1/thumb/v7e-m+fp/hard\libgcc.a(_dvmd_tls.o)
 .ARM.attributes
                0x0000000000000457       0x1e c:/st/stm32cubeide_1.10.1/stm32cubeide/plugins/com.st.stm32cube.ide.mcu.externaltools.gnu-tools-for-stm32.10.3-2021.10.win32_1.0.0.202111181127/tools/bin/../lib/gcc/arm-none-eabi/10.3.1/thumb/v7e-m+fp/hard/crtn.o
OUTPUT(AD5111_Control BlackPILL2.elf elf32-littlearm)
LOAD linker stubs
LOAD c:/st/stm32cubeide_1.10.1/stm32cubeide/plugins/com.st.stm32cube.ide.mcu.externaltools.gnu-tools-for-stm32.10.3-2021.10.win32_1.0.0.202111181127/tools/bin/../lib/gcc/arm-none-eabi/10.3.1/../../../../arm-none-eabi/lib/thumb/v7e-m+fp/hard\libc.a
LOAD c:/st/stm32cubeide_1.10.1/stm32cubeide/plugins/com.st.stm32cube.ide.mcu.externaltools.gnu-tools-for-stm32.10.3-2021.10.win32_1.0.0.202111181127/tools/bin/../lib/gcc/arm-none-eabi/10.3.1/../../../../arm-none-eabi/lib/thumb/v7e-m+fp/hard\libm.a
LOAD c:/st/stm32cubeide_1.10.1/stm32cubeide/plugins/com.st.stm32cube.ide.mcu.externaltools.gnu-tools-for-stm32.10.3-2021.10.win32_1.0.0.202111181127/tools/bin/../lib/gcc/arm-none-eabi/10.3.1/thumb/v7e-m+fp/hard\libgcc.a

.debug_info     0x0000000000000000     0xd01e
 .debug_info    0x0000000000000000      0x27a ./Core/Src/fonts.o
 .debug_info    0x000000000000027a     0x1805 ./Core/Src/main.o
 .debug_info    0x0000000000001a7f     0x1167 ./Core/Src/ssd1306.o
 .debug_info    0x0000000000002be6      0xe08 ./Core/Src/stm32f4xx_hal_msp.o
 .debug_info    0x00000000000039ee      0x16f ./Core/Src/stm32f4xx_it.o
 .debug_info    0x0000000000003b5d      0x54f ./Core/Src/system_stm32f4xx.o
 .debug_info    0x00000000000040ac       0x22 ./Core/Startup/startup_stm32f411ceux.o
 .debug_info    0x00000000000040ce      0x90d ./Drivers/STM32F4xx_HAL_Driver/Src/stm32f4xx_hal.o
 .debug_info    0x00000000000049db      0xd8b ./Drivers/STM32F4xx_HAL_Driver/Src/stm32f4xx_hal_cortex.o
 .debug_info    0x0000000000005766      0x78e ./Drivers/STM32F4xx_HAL_Driver/Src/stm32f4xx_hal_gpio.o
 .debug_info    0x0000000000005ef4     0x260f ./Drivers/STM32F4xx_HAL_Driver/Src/stm32f4xx_hal_i2c.o
 .debug_info    0x0000000000008503      0x98d ./Drivers/STM32F4xx_HAL_Driver/Src/stm32f4xx_hal_rcc.o
 .debug_info    0x0000000000008e90     0x2bb6 ./Drivers/STM32F4xx_HAL_Driver/Src/stm32f4xx_hal_tim.o
 .debug_info    0x000000000000ba46     0x15d8 ./Drivers/STM32F4xx_HAL_Driver/Src/stm32f4xx_hal_tim_ex.o

.debug_abbrev   0x0000000000000000     0x1bfd
 .debug_abbrev  0x0000000000000000      0x111 ./Core/Src/fonts.o
 .debug_abbrev  0x0000000000000111      0x30b ./Core/Src/main.o
 .debug_abbrev  0x000000000000041c      0x309 ./Core/Src/ssd1306.o
 .debug_abbrev  0x0000000000000725      0x1c3 ./Core/Src/stm32f4xx_hal_msp.o
 .debug_abbrev  0x00000000000008e8       0x9f ./Core/Src/stm32f4xx_it.o
 .debug_abbrev  0x0000000000000987      0x116 ./Core/Src/system_stm32f4xx.o
 .debug_abbrev  0x0000000000000a9d       0x12 ./Core/Startup/startup_stm32f411ceux.o
 .debug_abbrev  0x0000000000000aaf      0x23e ./Drivers/STM32F4xx_HAL_Driver/Src/stm32f4xx_hal.o
 .debug_abbrev  0x0000000000000ced      0x316 ./Drivers/STM32F4xx_HAL_Driver/Src/stm32f4xx_hal_cortex.o
 .debug_abbrev  0x0000000000001003      0x1c4 ./Drivers/STM32F4xx_HAL_Driver/Src/stm32f4xx_hal_gpio.o
 .debug_abbrev  0x00000000000011c7      0x2a8 ./Drivers/STM32F4xx_HAL_Driver/Src/stm32f4xx_hal_i2c.o
 .debug_abbrev  0x000000000000146f      0x2aa ./Drivers/STM32F4xx_HAL_Driver/Src/stm32f4xx_hal_rcc.o
 .debug_abbrev  0x0000000000001719      0x26e ./Drivers/STM32F4xx_HAL_Driver/Src/stm32f4xx_hal_tim.o
 .debug_abbrev  0x0000000000001987      0x276 ./Drivers/STM32F4xx_HAL_Driver/Src/stm32f4xx_hal_tim_ex.o

.debug_aranges  0x0000000000000000      0xd70
 .debug_aranges
                0x0000000000000000       0x20 ./Core/Src/fonts.o
 .debug_aranges
                0x0000000000000020       0x90 ./Core/Src/main.o
 .debug_aranges
                0x00000000000000b0       0xf8 ./Core/Src/ssd1306.o
 .debug_aranges
                0x00000000000001a8       0x48 ./Core/Src/stm32f4xx_hal_msp.o
 .debug_aranges
                0x00000000000001f0       0x70 ./Core/Src/stm32f4xx_it.o
 .debug_aranges
                0x0000000000000260       0x28 ./Core/Src/system_stm32f4xx.o
 .debug_aranges
                0x0000000000000288       0x28 ./Core/Startup/startup_stm32f411ceux.o
 .debug_aranges
                0x00000000000002b0       0xf0 ./Drivers/STM32F4xx_HAL_Driver/Src/stm32f4xx_hal.o
 .debug_aranges
                0x00000000000003a0      0x118 ./Drivers/STM32F4xx_HAL_Driver/Src/stm32f4xx_hal_cortex.o
 .debug_aranges
                0x00000000000004b8       0x58 ./Drivers/STM32F4xx_HAL_Driver/Src/stm32f4xx_hal_gpio.o
 .debug_aranges
                0x0000000000000510      0x2a0 ./Drivers/STM32F4xx_HAL_Driver/Src/stm32f4xx_hal_i2c.o
 .debug_aranges
                0x00000000000007b0       0x88 ./Drivers/STM32F4xx_HAL_Driver/Src/stm32f4xx_hal_rcc.o
 .debug_aranges
                0x0000000000000838      0x3d0 ./Drivers/STM32F4xx_HAL_Driver/Src/stm32f4xx_hal_tim.o
 .debug_aranges
                0x0000000000000c08      0x168 ./Drivers/STM32F4xx_HAL_Driver/Src/stm32f4xx_hal_tim_ex.o

.debug_ranges   0x0000000000000000      0xcb0
 .debug_ranges  0x0000000000000000       0x10 ./Core/Src/fonts.o
 .debug_ranges  0x0000000000000010       0x80 ./Core/Src/main.o
 .debug_ranges  0x0000000000000090       0xe8 ./Core/Src/ssd1306.o
 .debug_ranges  0x0000000000000178       0x38 ./Core/Src/stm32f4xx_hal_msp.o
 .debug_ranges  0x00000000000001b0       0x60 ./Core/Src/stm32f4xx_it.o
 .debug_ranges  0x0000000000000210       0x18 ./Core/Src/system_stm32f4xx.o
 .debug_ranges  0x0000000000000228       0x20 ./Core/Startup/startup_stm32f411ceux.o
 .debug_ranges  0x0000000000000248       0xe0 ./Drivers/STM32F4xx_HAL_Driver/Src/stm32f4xx_hal.o
 .debug_ranges  0x0000000000000328      0x108 ./Drivers/STM32F4xx_HAL_Driver/Src/stm32f4xx_hal_cortex.o
 .debug_ranges  0x0000000000000430       0x48 ./Drivers/STM32F4xx_HAL_Driver/Src/stm32f4xx_hal_gpio.o
 .debug_ranges  0x0000000000000478      0x2a8 ./Drivers/STM32F4xx_HAL_Driver/Src/stm32f4xx_hal_i2c.o
 .debug_ranges  0x0000000000000720       0x78 ./Drivers/STM32F4xx_HAL_Driver/Src/stm32f4xx_hal_rcc.o
 .debug_ranges  0x0000000000000798      0x3c0 ./Drivers/STM32F4xx_HAL_Driver/Src/stm32f4xx_hal_tim.o
 .debug_ranges  0x0000000000000b58      0x158 ./Drivers/STM32F4xx_HAL_Driver/Src/stm32f4xx_hal_tim_ex.o

.debug_macro    0x0000000000000000    0x16564
 .debug_macro   0x0000000000000000      0x2b5 ./Core/Src/fonts.o
 .debug_macro   0x00000000000002b5      0xa78 ./Core/Src/fonts.o
 .debug_macro   0x0000000000000d2d      0x29b ./Core/Src/fonts.o
 .debug_macro   0x0000000000000fc8       0x2e ./Core/Src/fonts.o
 .debug_macro   0x0000000000000ff6       0x28 ./Core/Src/fonts.o
 .debug_macro   0x000000000000101e       0x22 ./Core/Src/fonts.o
 .debug_macro   0x0000000000001040       0x8e ./Core/Src/fonts.o
 .debug_macro   0x00000000000010ce       0x51 ./Core/Src/fonts.o
 .debug_macro   0x000000000000111f      0x103 ./Core/Src/fonts.o
 .debug_macro   0x0000000000001222       0x6a ./Core/Src/fonts.o
 .debug_macro   0x000000000000128c      0x1df ./Core/Src/fonts.o
 .debug_macro   0x000000000000146b       0x1c ./Core/Src/fonts.o
 .debug_macro   0x0000000000001487       0x22 ./Core/Src/fonts.o
 .debug_macro   0x00000000000014a9       0xd9 ./Core/Src/fonts.o
 .debug_macro   0x0000000000001582     0x102d ./Core/Src/fonts.o
 .debug_macro   0x00000000000025af      0x11f ./Core/Src/fonts.o
 .debug_macro   0x00000000000026ce     0xb953 ./Core/Src/fonts.o
 .debug_macro   0x000000000000e021       0x6d ./Core/Src/fonts.o
 .debug_macro   0x000000000000e08e     0x367e ./Core/Src/fonts.o
 .debug_macro   0x000000000001170c      0x174 ./Core/Src/fonts.o
 .debug_macro   0x0000000000011880       0x5c ./Core/Src/fonts.o
 .debug_macro   0x00000000000118dc      0x447 ./Core/Src/fonts.o
 .debug_macro   0x0000000000011d23      0x9fe ./Core/Src/fonts.o
 .debug_macro   0x0000000000012721      0x115 ./Core/Src/fonts.o
 .debug_macro   0x0000000000012836      0x11b ./Core/Src/fonts.o
 .debug_macro   0x0000000000012951       0xa5 ./Core/Src/fonts.o
 .debug_macro   0x00000000000129f6      0x15f ./Core/Src/fonts.o
 .debug_macro   0x0000000000012b55      0x287 ./Core/Src/fonts.o
 .debug_macro   0x0000000000012ddc       0x5f ./Core/Src/fonts.o
 .debug_macro   0x0000000000012e3b      0x236 ./Core/Src/fonts.o
 .debug_macro   0x0000000000013071      0x132 ./Core/Src/fonts.o
 .debug_macro   0x00000000000131a3      0x264 ./Core/Src/fonts.o
 .debug_macro   0x0000000000013407       0x2e ./Core/Src/fonts.o
 .debug_macro   0x0000000000013435      0x1b5 ./Core/Src/fonts.o
 .debug_macro   0x00000000000135ea       0x22 ./Core/Src/fonts.o
 .debug_macro   0x000000000001360c       0xd6 ./Core/Src/fonts.o
 .debug_macro   0x00000000000136e2      0x11a ./Core/Src/fonts.o
 .debug_macro   0x00000000000137fc       0x85 ./Core/Src/fonts.o
 .debug_macro   0x0000000000013881       0x89 ./Core/Src/fonts.o
 .debug_macro   0x000000000001390a      0x8e6 ./Core/Src/fonts.o
 .debug_macro   0x00000000000141f0       0x47 ./Core/Src/fonts.o
 .debug_macro   0x0000000000014237      0x126 ./Core/Src/fonts.o
 .debug_macro   0x000000000001435d       0x52 ./Core/Src/fonts.o
 .debug_macro   0x00000000000143af       0x1e ./Core/Src/fonts.o
 .debug_macro   0x00000000000143cd       0x3c ./Core/Src/fonts.o
 .debug_macro   0x0000000000014409       0x34 ./Core/Src/fonts.o
 .debug_macro   0x000000000001443d       0x16 ./Core/Src/fonts.o
 .debug_macro   0x0000000000014453       0x43 ./Core/Src/fonts.o
 .debug_macro   0x0000000000014496       0x34 ./Core/Src/fonts.o
 .debug_macro   0x00000000000144ca       0x10 ./Core/Src/fonts.o
 .debug_macro   0x00000000000144da       0x58 ./Core/Src/fonts.o
 .debug_macro   0x0000000000014532       0x71 ./Core/Src/fonts.o
 .debug_macro   0x00000000000145a3       0x1c ./Core/Src/fonts.o
 .debug_macro   0x00000000000145bf      0x12a ./Core/Src/fonts.o
 .debug_macro   0x00000000000146e9      0x341 ./Core/Src/fonts.o
 .debug_macro   0x0000000000014a2a       0x10 ./Core/Src/fonts.o
 .debug_macro   0x0000000000014a3a       0x35 ./Core/Src/fonts.o
 .debug_macro   0x0000000000014a6f       0x20 ./Core/Src/fonts.o
 .debug_macro   0x0000000000014a8f      0x30b ./Core/Src/main.o
 .debug_macro   0x0000000000014d9a       0x7c ./Core/Src/main.o
 .debug_macro   0x0000000000014e16       0x16 ./Core/Src/main.o
 .debug_macro   0x0000000000014e2c       0x16 ./Core/Src/main.o
 .debug_macro   0x0000000000014e42       0x29 ./Core/Src/main.o
 .debug_macro   0x0000000000014e6b       0x1d ./Core/Src/main.o
 .debug_macro   0x0000000000014e88      0x340 ./Core/Src/ssd1306.o
 .debug_macro   0x00000000000151c8      0x1ec ./Core/Src/stm32f4xx_hal_msp.o
 .debug_macro   0x00000000000153b4      0x1f6 ./Core/Src/stm32f4xx_it.o
 .debug_macro   0x00000000000155aa      0x1dd ./Core/Src/system_stm32f4xx.o
 .debug_macro   0x0000000000015787      0x23d ./Drivers/STM32F4xx_HAL_Driver/Src/stm32f4xx_hal.o
 .debug_macro   0x00000000000159c4      0x1dd ./Drivers/STM32F4xx_HAL_Driver/Src/stm32f4xx_hal_cortex.o
 .debug_macro   0x0000000000015ba1      0x1e3 ./Drivers/STM32F4xx_HAL_Driver/Src/stm32f4xx_hal_gpio.o
 .debug_macro   0x0000000000015d84      0x224 ./Drivers/STM32F4xx_HAL_Driver/Src/stm32f4xx_hal_i2c.o
 .debug_macro   0x0000000000015fa8      0x201 ./Drivers/STM32F4xx_HAL_Driver/Src/stm32f4xx_hal_rcc.o
 .debug_macro   0x00000000000161a9      0x1de ./Drivers/STM32F4xx_HAL_Driver/Src/stm32f4xx_hal_tim.o
 .debug_macro   0x0000000000016387      0x1dd ./Drivers/STM32F4xx_HAL_Driver/Src/stm32f4xx_hal_tim_ex.o

.debug_line     0x0000000000000000     0xf1f5
 .debug_line    0x0000000000000000      0x838 ./Core/Src/fonts.o
 .debug_line    0x0000000000000838      0xcdf ./Core/Src/main.o
 .debug_line    0x0000000000001517     0x100d ./Core/Src/ssd1306.o
 .debug_line    0x0000000000002524      0x78a ./Core/Src/stm32f4xx_hal_msp.o
 .debug_line    0x0000000000002cae      0x7c9 ./Core/Src/stm32f4xx_it.o
 .debug_line    0x0000000000003477      0x756 ./Core/Src/system_stm32f4xx.o
 .debug_line    0x0000000000003bcd       0x88 ./Core/Startup/startup_stm32f411ceux.o
 .debug_line    0x0000000000003c55      0x9bc ./Drivers/STM32F4xx_HAL_Driver/Src/stm32f4xx_hal.o
 .debug_line    0x0000000000004611      0xc6b ./Drivers/STM32F4xx_HAL_Driver/Src/stm32f4xx_hal_cortex.o
 .debug_line    0x000000000000527c      0xaf4 ./Drivers/STM32F4xx_HAL_Driver/Src/stm32f4xx_hal_gpio.o
 .debug_line    0x0000000000005d70     0x3971 ./Drivers/STM32F4xx_HAL_Driver/Src/stm32f4xx_hal_i2c.o
 .debug_line    0x00000000000096e1      0xd36 ./Drivers/STM32F4xx_HAL_Driver/Src/stm32f4xx_hal_rcc.o
 .debug_line    0x000000000000a417     0x348a ./Drivers/STM32F4xx_HAL_Driver/Src/stm32f4xx_hal_tim.o
 .debug_line    0x000000000000d8a1     0x1954 ./Drivers/STM32F4xx_HAL_Driver/Src/stm32f4xx_hal_tim_ex.o

.debug_str      0x0000000000000000    0x8d6da
 .debug_str     0x0000000000000000    0x8914c ./Core/Src/fonts.o
                                      0x893ec (size before relaxing)
 .debug_str     0x000000000008914c     0x15b6 ./Core/Src/main.o
                                      0x8aa42 (size before relaxing)
 .debug_str     0x000000000008a702      0x4df ./Core/Src/ssd1306.o
                                      0x89f33 (size before relaxing)
 .debug_str     0x000000000008abe1       0x9e ./Core/Src/stm32f4xx_hal_msp.o
                                      0x870d9 (size before relaxing)
 .debug_str     0x000000000008ac7f      0x108 ./Core/Src/stm32f4xx_it.o
                                      0x867d9 (size before relaxing)
 .debug_str     0x000000000008ad87       0xdb ./Core/Src/system_stm32f4xx.o
                                      0x866d9 (size before relaxing)
 .debug_str     0x000000000008ae62       0x36 ./Core/Startup/startup_stm32f411ceux.o
                                         0x81 (size before relaxing)
 .debug_str     0x000000000008ae98      0x60d ./Drivers/STM32F4xx_HAL_Driver/Src/stm32f4xx_hal.o
                                      0x87105 (size before relaxing)
 .debug_str     0x000000000008b4a5      0x337 ./Drivers/STM32F4xx_HAL_Driver/Src/stm32f4xx_hal_cortex.o
                                      0x86e26 (size before relaxing)
 .debug_str     0x000000000008b7dc       0xd7 ./Drivers/STM32F4xx_HAL_Driver/Src/stm32f4xx_hal_gpio.o
                                      0x86854 (size before relaxing)
 .debug_str     0x000000000008b8b3      0xadc ./Drivers/STM32F4xx_HAL_Driver/Src/stm32f4xx_hal_i2c.o
                                      0x87697 (size before relaxing)
 .debug_str     0x000000000008c38f      0x213 ./Drivers/STM32F4xx_HAL_Driver/Src/stm32f4xx_hal_rcc.o
                                      0x86b0d (size before relaxing)
 .debug_str     0x000000000008c5a2      0xd57 ./Drivers/STM32F4xx_HAL_Driver/Src/stm32f4xx_hal_tim.o
                                      0x87a41 (size before relaxing)
 .debug_str     0x000000000008d2f9      0x3e1 ./Drivers/STM32F4xx_HAL_Driver/Src/stm32f4xx_hal_tim_ex.o
                                      0x8725d (size before relaxing)

.comment        0x0000000000000000       0x50
 .comment       0x0000000000000000       0x50 ./Core/Src/fonts.o
                                         0x51 (size before relaxing)
 .comment       0x0000000000000050       0x51 ./Core/Src/main.o
 .comment       0x0000000000000050       0x51 ./Core/Src/ssd1306.o
 .comment       0x0000000000000050       0x51 ./Core/Src/stm32f4xx_hal_msp.o
 .comment       0x0000000000000050       0x51 ./Core/Src/stm32f4xx_it.o
 .comment       0x0000000000000050       0x51 ./Core/Src/system_stm32f4xx.o
 .comment       0x0000000000000050       0x51 ./Drivers/STM32F4xx_HAL_Driver/Src/stm32f4xx_hal.o
 .comment       0x0000000000000050       0x51 ./Drivers/STM32F4xx_HAL_Driver/Src/stm32f4xx_hal_cortex.o
 .comment       0x0000000000000050       0x51 ./Drivers/STM32F4xx_HAL_Driver/Src/stm32f4xx_hal_gpio.o
 .comment       0x0000000000000050       0x51 ./Drivers/STM32F4xx_HAL_Driver/Src/stm32f4xx_hal_i2c.o
 .comment       0x0000000000000050       0x51 ./Drivers/STM32F4xx_HAL_Driver/Src/stm32f4xx_hal_rcc.o
 .comment       0x0000000000000050       0x51 ./Drivers/STM32F4xx_HAL_Driver/Src/stm32f4xx_hal_tim.o
 .comment       0x0000000000000050       0x51 ./Drivers/STM32F4xx_HAL_Driver/Src/stm32f4xx_hal_tim_ex.o

.debug_frame    0x0000000000000000     0x3978
 .debug_frame   0x0000000000000000       0x38 ./Core/Src/fonts.o
 .debug_frame   0x0000000000000038      0x1dc ./Core/Src/main.o
 .debug_frame   0x0000000000000214      0x414 ./Core/Src/ssd1306.o
 .debug_frame   0x0000000000000628       0xf4 ./Core/Src/stm32f4xx_hal_msp.o
 .debug_frame   0x000000000000071c      0x13c ./Core/Src/stm32f4xx_it.o
 .debug_frame   0x0000000000000858       0x58 ./Core/Src/system_stm32f4xx.o
 .debug_frame   0x00000000000008b0      0x374 ./Drivers/STM32F4xx_HAL_Driver/Src/stm32f4xx_hal.o
 .debug_frame   0x0000000000000c24      0x498 ./Drivers/STM32F4xx_HAL_Driver/Src/stm32f4xx_hal_cortex.o
 .debug_frame   0x00000000000010bc      0x14c ./Drivers/STM32F4xx_HAL_Driver/Src/stm32f4xx_hal_gpio.o
 .debug_frame   0x0000000000001208      0xc5c ./Drivers/STM32F4xx_HAL_Driver/Src/stm32f4xx_hal_i2c.o
 .debug_frame   0x0000000000001e64      0x1f4 ./Drivers/STM32F4xx_HAL_Driver/Src/stm32f4xx_hal_rcc.o
 .debug_frame   0x0000000000002058     0x11bc ./Drivers/STM32F4xx_HAL_Driver/Src/stm32f4xx_hal_tim.o
 .debug_frame   0x0000000000003214      0x638 ./Drivers/STM32F4xx_HAL_Driver/Src/stm32f4xx_hal_tim_ex.o
 .debug_frame   0x000000000000384c       0x2c c:/st/stm32cubeide_1.10.1/stm32cubeide/plugins/com.st.stm32cube.ide.mcu.externaltools.gnu-tools-for-stm32.10.3-2021.10.win32_1.0.0.202111181127/tools/bin/../lib/gcc/arm-none-eabi/10.3.1/../../../../arm-none-eabi/lib/thumb/v7e-m+fp/hard\libc_nano.a(lib_a-init.o)
 .debug_frame   0x0000000000003878       0x38 c:/st/stm32cubeide_1.10.1/stm32cubeide/plugins/com.st.stm32cube.ide.mcu.externaltools.gnu-tools-for-stm32.10.3-2021.10.win32_1.0.0.202111181127/tools/bin/../lib/gcc/arm-none-eabi/10.3.1/../../../../arm-none-eabi/lib/thumb/v7e-m+fp/hard\libc_nano.a(lib_a-itoa.o)
 .debug_frame   0x00000000000038b0       0x20 c:/st/stm32cubeide_1.10.1/stm32cubeide/plugins/com.st.stm32cube.ide.mcu.externaltools.gnu-tools-for-stm32.10.3-2021.10.win32_1.0.0.202111181127/tools/bin/../lib/gcc/arm-none-eabi/10.3.1/../../../../arm-none-eabi/lib/thumb/v7e-m+fp/hard\libc_nano.a(lib_a-memset.o)
 .debug_frame   0x00000000000038d0       0x48 c:/st/stm32cubeide_1.10.1/stm32cubeide/plugins/com.st.stm32cube.ide.mcu.externaltools.gnu-tools-for-stm32.10.3-2021.10.win32_1.0.0.202111181127/tools/bin/../lib/gcc/arm-none-eabi/10.3.1/../../../../arm-none-eabi/lib/thumb/v7e-m+fp/hard\libc_nano.a(lib_a-utoa.o)
 .debug_frame   0x0000000000003918       0x2c c:/st/stm32cubeide_1.10.1/stm32cubeide/plugins/com.st.stm32cube.ide.mcu.externaltools.gnu-tools-for-stm32.10.3-2021.10.win32_1.0.0.202111181127/tools/bin/../lib/gcc/arm-none-eabi/10.3.1/thumb/v7e-m+fp/hard\libgcc.a(_aeabi_uldivmod.o)
 .debug_frame   0x0000000000003944       0x34 c:/st/stm32cubeide_1.10.1/stm32cubeide/plugins/com.st.stm32cube.ide.mcu.externaltools.gnu-tools-for-stm32.10.3-2021.10.win32_1.0.0.202111181127/tools/bin/../lib/gcc/arm-none-eabi/10.3.1/thumb/v7e-m+fp/hard\libgcc.a(_udivmoddi4.o)
