../Core/Src/main.c:80:5:main	8	static
../Core/Src/main.c:159:6:SystemClock_Config	96	static
../Core/Src/main.c:214:13:MX_ADC1_Init	48	static
../Core/Src/main.c:281:13:MX_USART1_UART_Init	8	static
../Core/Src/main.c:316:13:MX_USART2_UART_Init	8	static
../Core/Src/main.c:351:13:MX_GPIO_Init	40	static
../Core/Src/main.c:383:6:HAL_ADC_ConvCpltCallback	16	static
../Core/Src/main.c:397:6:HAL_GPIO_EXTI_Callback	16	static
../Core/Src/main.c:409:6:HAL_UART_RxCpltCallback	16	static
../Core/Src/main.c:426:6:Error_Handler	4	static,ignoring_inline_asm
