23:01:16 **** Incremental Build of configuration Debug for project CITECH_Sensor ****
make -j4 all 
arm-none-eabi-gcc "../Core/Src/main.c" -mcpu=cortex-m4 -std=gnu11 -g3 -DDEBUG -DUSE_HAL_DRIVER -DSTM32L412xx -c -I../Core/Inc -I../Drivers/STM32L4xx_HAL_Driver/Inc -I../Drivers/STM32L4xx_HAL_Driver/Inc/Legacy -I../Drivers/CMSIS/Device/ST/STM32L4xx/Include -I../Drivers/CMSIS/Include -O0 -ffunction-sections -fdata-sections -Wall -fstack-usage -MMD -MP -MF"Core/Src/main.d" -MT"Core/Src/main.o" --specs=nano.specs -mfpu=fpv4-sp-d16 -mfloat-abi=hard -mthumb -o "Core/Src/main.o"
../Core/Src/main.c: In function 'main':
../Core/Src/main.c:136:34: warning: pointer targets in passing argument 2 of 'HAL_UART_Transmit' differ in signedness [-Wpointer-sign]
  136 |        HAL_UART_Transmit(&huart2,str,strlen(str),10); // Sending in normal mode
      |                                  ^~~
      |                                  |
      |                                  char *
In file included from ../Core/Inc/stm32l4xx_hal_conf.h:450,
                 from ../Drivers/STM32L4xx_HAL_Driver/Inc/stm32l4xx_hal.h:29,
                 from ../Core/Inc/main.h:30,
                 from ../Core/Src/main.c:20:
../Drivers/STM32L4xx_HAL_Driver/Inc/stm32l4xx_hal_uart.h:1674:79: note: expected 'const uint8_t *' {aka 'const unsigned char *'} but argument is of type 'char *'
 1674 | HAL_StatusTypeDef HAL_UART_Transmit(UART_HandleTypeDef *huart, const uint8_t *pData, uint16_t Size, uint32_t Timeout);
      |                                                                ~~~~~~~~~~~~~~~^~~~~
arm-none-eabi-gcc -o "CITECH_Sensor.elf" @"objects.list"   -mcpu=cortex-m4 -T"C:\Users\Jan\STM32CubeIDE\workspace_1.10.1\CITECH_Sensor\STM32L412KBUX_FLASH.ld" --specs=nosys.specs -Wl,-Map="CITECH_Sensor.map" -Wl,--gc-sections -static --specs=nano.specs -mfpu=fpv4-sp-d16 -mfloat-abi=hard -mthumb -Wl,--start-group -lc -lm -Wl,--end-group
Finished building target: CITECH_Sensor.elf
 
arm-none-eabi-size   CITECH_Sensor.elf 
arm-none-eabi-objdump -h -S  CITECH_Sensor.elf  > "CITECH_Sensor.list"
   text	   data	    bss	    dec	    hex	filename
  21100	    124	   1996	  23220	   5ab4	CITECH_Sensor.elf
Finished building: default.size.stdout
 
Finished building: CITECH_Sensor.list
 

23:01:17 Build Finished. 0 errors, 1 warnings. (took 944ms)

