22:24:46 **** Incremental Build of configuration Debug for project AD5111_Control BlackPILL2 ****
make -j4 all 
arm-none-eabi-gcc "../Core/Src/main.c" -mcpu=cortex-m4 -std=gnu11 -g3 -DDEBUG -DUSE_HAL_DRIVER -DSTM32F411xE -c -I../Core/Inc -I../Drivers/STM32F4xx_HAL_Driver/Inc -I../Drivers/STM32F4xx_HAL_Driver/Inc/Legacy -I../Drivers/CMSIS/Device/ST/STM32F4xx/Include -I../Drivers/CMSIS/Include -O0 -ffunction-sections -fdata-sections -Wall -fstack-usage -MMD -MP -MF"Core/Src/main.d" -MT"Core/Src/main.o" --specs=nano.specs -mfpu=fpv4-sp-d16 -mfloat-abi=hard -mthumb -o "Core/Src/main.o"
arm-none-eabi-gcc -o "AD5111_Control BlackPILL2.elf" @"objects.list"   -mcpu=cortex-m4 -T"C:\Users\Jan\STM32CubeIDE\workspace_1.10.1\AD5111_Control BlackPILL2\STM32F411CEUX_FLASH.ld" --specs=nosys.specs -Wl,-Map="AD5111_Control BlackPILL2.map" -Wl,--gc-sections -static --specs=nano.specs -mfpu=fpv4-sp-d16 -mfloat-abi=hard -mthumb -Wl,--start-group -lc -lm -Wl,--end-group
Finished building target: AD5111_Control BlackPILL2.elf
 
arm-none-eabi-size   AD5111_Control\ BlackPILL2.elf 
arm-none-eabi-objdump -h -S  AD5111_Control\ BlackPILL2.elf  > "AD5111_Control BlackPILL2.list"
   text	   data	    bss	    dec	    hex	filename
  17540	     48	   2728	  20316	   4f5c	AD5111_Control BlackPILL2.elf
Finished building: default.size.stdout
 
Finished building: AD5111_Control BlackPILL2.list
 
22:25:14 **** Incremental Build of configuration Debug for project AD5111_Control BlackPILL2 ****
make -j4 all 
arm-none-eabi-size   AD5111_Control\ BlackPILL2.elf 
   text	   data	    bss	    dec	    hex	filename
  17540	     48	   2728	  20316	   4f5c	AD5111_Control BlackPILL2.elf
Finished building: default.size.stdout
 
22:26:25 **** Incremental Build of configuration Debug for project AD5111_Control BlackPILL2 ****
make -j4 all 
arm-none-eabi-gcc "../Core/Src/main.c" -mcpu=cortex-m4 -std=gnu11 -g3 -DDEBUG -DUSE_HAL_DRIVER -DSTM32F411xE -c -I../Core/Inc -I../Drivers/STM32F4xx_HAL_Driver/Inc -I../Drivers/STM32F4xx_HAL_Driver/Inc/Legacy -I../Drivers/CMSIS/Device/ST/STM32F4xx/Include -I../Drivers/CMSIS/Include -O0 -ffunction-sections -fdata-sections -Wall -fstack-usage -MMD -MP -MF"Core/Src/main.d" -MT"Core/Src/main.o" --specs=nano.specs -mfpu=fpv4-sp-d16 -mfloat-abi=hard -mthumb -o "Core/Src/main.o"
arm-none-eabi-gcc -o "AD5111_Control BlackPILL2.elf" @"objects.list"   -mcpu=cortex-m4 -T"C:\Users\Jan\STM32CubeIDE\workspace_1.10.1\AD5111_Control BlackPILL2\STM32F411CEUX_FLASH.ld" --specs=nosys.specs -Wl,-Map="AD5111_Control BlackPILL2.map" -Wl,--gc-sections -static --specs=nano.specs -mfpu=fpv4-sp-d16 -mfloat-abi=hard -mthumb -Wl,--start-group -lc -lm -Wl,--end-group
Finished building target: AD5111_Control BlackPILL2.elf
 
arm-none-eabi-size   AD5111_Control\ BlackPILL2.elf 
arm-none-eabi-objdump -h -S  AD5111_Control\ BlackPILL2.elf  > "AD5111_Control BlackPILL2.list"
   text	   data	    bss	    dec	    hex	filename
  17552	     48	   2728	  20328	   4f68	AD5111_Control BlackPILL2.elf
Finished building: default.size.stdout
 
Finished building: AD5111_Control BlackPILL2.list
 
22:29:36 **** Incremental Build of configuration Debug for project AD5111_Control BlackPILL2 ****
make -j4 all 
arm-none-eabi-gcc "../Core/Src/main.c" -mcpu=cortex-m4 -std=gnu11 -g3 -DDEBUG -DUSE_HAL_DRIVER -DSTM32F411xE -c -I../Core/Inc -I../Drivers/STM32F4xx_HAL_Driver/Inc -I../Drivers/STM32F4xx_HAL_Driver/Inc/Legacy -I../Drivers/CMSIS/Device/ST/STM32F4xx/Include -I../Drivers/CMSIS/Include -O0 -ffunction-sections -fdata-sections -Wall -fstack-usage -MMD -MP -MF"Core/Src/main.d" -MT"Core/Src/main.o" --specs=nano.specs -mfpu=fpv4-sp-d16 -mfloat-abi=hard -mthumb -o "Core/Src/main.o"
arm-none-eabi-gcc -o "AD5111_Control BlackPILL2.elf" @"objects.list"   -mcpu=cortex-m4 -T"C:\Users\Jan\STM32CubeIDE\workspace_1.10.1\AD5111_Control BlackPILL2\STM32F411CEUX_FLASH.ld" --specs=nosys.specs -Wl,-Map="AD5111_Control BlackPILL2.map" -Wl,--gc-sections -static --specs=nano.specs -mfpu=fpv4-sp-d16 -mfloat-abi=hard -mthumb -Wl,--start-group -lc -lm -Wl,--end-group
Finished building target: AD5111_Control BlackPILL2.elf
 
arm-none-eabi-size   AD5111_Control\ BlackPILL2.elf 
arm-none-eabi-objdump -h -S  AD5111_Control\ BlackPILL2.elf  > "AD5111_Control BlackPILL2.list"
   text	   data	    bss	    dec	    hex	filename
  17536	     48	   2728	  20312	   4f58	AD5111_Control BlackPILL2.elf
Finished building: default.size.stdout
 
Finished building: AD5111_Control BlackPILL2.list
 
22:38:22 **** Incremental Build of configuration Debug for project AD5111_Control BlackPILL2 ****
make -j4 all 
arm-none-eabi-gcc "../Core/Src/main.c" -mcpu=cortex-m4 -std=gnu11 -g3 -DDEBUG -DUSE_HAL_DRIVER -DSTM32F411xE -c -I../Core/Inc -I../Drivers/STM32F4xx_HAL_Driver/Inc -I../Drivers/STM32F4xx_HAL_Driver/Inc/Legacy -I../Drivers/CMSIS/Device/ST/STM32F4xx/Include -I../Drivers/CMSIS/Include -O0 -ffunction-sections -fdata-sections -Wall -fstack-usage -MMD -MP -MF"Core/Src/main.d" -MT"Core/Src/main.o" --specs=nano.specs -mfpu=fpv4-sp-d16 -mfloat-abi=hard -mthumb -o "Core/Src/main.o"
arm-none-eabi-gcc -o "AD5111_Control BlackPILL2.elf" @"objects.list"   -mcpu=cortex-m4 -T"C:\Users\Jan\STM32CubeIDE\workspace_1.10.1\AD5111_Control BlackPILL2\STM32F411CEUX_FLASH.ld" --specs=nosys.specs -Wl,-Map="AD5111_Control BlackPILL2.map" -Wl,--gc-sections -static --specs=nano.specs -mfpu=fpv4-sp-d16 -mfloat-abi=hard -mthumb -Wl,--start-group -lc -lm -Wl,--end-group
Finished building target: AD5111_Control BlackPILL2.elf
 
arm-none-eabi-size   AD5111_Control\ BlackPILL2.elf 
arm-none-eabi-objdump -h -S  AD5111_Control\ BlackPILL2.elf  > "AD5111_Control BlackPILL2.list"
   text	   data	    bss	    dec	    hex	filename
  17536	     48	   2728	  20312	   4f58	AD5111_Control BlackPILL2.elf
Finished building: default.size.stdout
 
Finished building: AD5111_Control BlackPILL2.list
 
22:40:06 **** Incremental Build of configuration Debug for project AD5111_Control BlackPILL2 ****
make -j4 all 
arm-none-eabi-gcc "../Core/Src/main.c" -mcpu=cortex-m4 -std=gnu11 -g3 -DDEBUG -DUSE_HAL_DRIVER -DSTM32F411xE -c -I../Core/Inc -I../Drivers/STM32F4xx_HAL_Driver/Inc -I../Drivers/STM32F4xx_HAL_Driver/Inc/Legacy -I../Drivers/CMSIS/Device/ST/STM32F4xx/Include -I../Drivers/CMSIS/Include -O0 -ffunction-sections -fdata-sections -Wall -fstack-usage -MMD -MP -MF"Core/Src/main.d" -MT"Core/Src/main.o" --specs=nano.specs -mfpu=fpv4-sp-d16 -mfloat-abi=hard -mthumb -o "Core/Src/main.o"
arm-none-eabi-gcc -o "AD5111_Control BlackPILL2.elf" @"objects.list"   -mcpu=cortex-m4 -T"C:\Users\Jan\STM32CubeIDE\workspace_1.10.1\AD5111_Control BlackPILL2\STM32F411CEUX_FLASH.ld" --specs=nosys.specs -Wl,-Map="AD5111_Control BlackPILL2.map" -Wl,--gc-sections -static --specs=nano.specs -mfpu=fpv4-sp-d16 -mfloat-abi=hard -mthumb -Wl,--start-group -lc -lm -Wl,--end-group
Finished building target: AD5111_Control BlackPILL2.elf
 
arm-none-eabi-size   AD5111_Control\ BlackPILL2.elf 
arm-none-eabi-objdump -h -S  AD5111_Control\ BlackPILL2.elf  > "AD5111_Control BlackPILL2.list"
   text	   data	    bss	    dec	    hex	filename
  17536	     48	   2728	  20312	   4f58	AD5111_Control BlackPILL2.elf
Finished building: default.size.stdout
 
Finished building: AD5111_Control BlackPILL2.list
 
22:41:23 **** Incremental Build of configuration Debug for project AD5111_Control BlackPILL2 ****
make -j4 all 
arm-none-eabi-size   AD5111_Control\ BlackPILL2.elf 
   text	   data	    bss	    dec	    hex	filename
  17536	     48	   2728	  20312	   4f58	AD5111_Control BlackPILL2.elf
Finished building: default.size.stdout
 
23:08:03 **** Incremental Build of configuration Debug for project AD5111_Control BlackPILL2 ****
make -j4 all 
arm-none-eabi-gcc "../Core/Src/main.c" -mcpu=cortex-m4 -std=gnu11 -g3 -DDEBUG -DUSE_HAL_DRIVER -DSTM32F411xE -c -I../Core/Inc -I../Drivers/STM32F4xx_HAL_Driver/Inc -I../Drivers/STM32F4xx_HAL_Driver/Inc/Legacy -I../Drivers/CMSIS/Device/ST/STM32F4xx/Include -I../Drivers/CMSIS/Include -O0 -ffunction-sections -fdata-sections -Wall -fstack-usage -MMD -MP -MF"Core/Src/main.d" -MT"Core/Src/main.o" --specs=nano.specs -mfpu=fpv4-sp-d16 -mfloat-abi=hard -mthumb -o "Core/Src/main.o"
arm-none-eabi-gcc -o "AD5111_Control BlackPILL2.elf" @"objects.list"   -mcpu=cortex-m4 -T"C:\Users\Jan\STM32CubeIDE\workspace_1.10.1\AD5111_Control BlackPILL2\STM32F411CEUX_FLASH.ld" --specs=nosys.specs -Wl,-Map="AD5111_Control BlackPILL2.map" -Wl,--gc-sections -static --specs=nano.specs -mfpu=fpv4-sp-d16 -mfloat-abi=hard -mthumb -Wl,--start-group -lc -lm -Wl,--end-group
Finished building target: AD5111_Control BlackPILL2.elf
 
arm-none-eabi-size   AD5111_Control\ BlackPILL2.elf 
arm-none-eabi-objdump -h -S  AD5111_Control\ BlackPILL2.elf  > "AD5111_Control BlackPILL2.list"
   text	   data	    bss	    dec	    hex	filename
  17532	     48	   2728	  20308	   4f54	AD5111_Control BlackPILL2.elf
Finished building: default.size.stdout
 
Finished building: AD5111_Control BlackPILL2.list
 
23:10:01 **** Incremental Build of configuration Debug for project AD5111_Control BlackPILL2 ****
make -j4 all 
arm-none-eabi-gcc "../Core/Src/main.c" -mcpu=cortex-m4 -std=gnu11 -g3 -DDEBUG -DUSE_HAL_DRIVER -DSTM32F411xE -c -I../Core/Inc -I../Drivers/STM32F4xx_HAL_Driver/Inc -I../Drivers/STM32F4xx_HAL_Driver/Inc/Legacy -I../Drivers/CMSIS/Device/ST/STM32F4xx/Include -I../Drivers/CMSIS/Include -O0 -ffunction-sections -fdata-sections -Wall -fstack-usage -MMD -MP -MF"Core/Src/main.d" -MT"Core/Src/main.o" --specs=nano.specs -mfpu=fpv4-sp-d16 -mfloat-abi=hard -mthumb -o "Core/Src/main.o"
arm-none-eabi-gcc -o "AD5111_Control BlackPILL2.elf" @"objects.list"   -mcpu=cortex-m4 -T"C:\Users\Jan\STM32CubeIDE\workspace_1.10.1\AD5111_Control BlackPILL2\STM32F411CEUX_FLASH.ld" --specs=nosys.specs -Wl,-Map="AD5111_Control BlackPILL2.map" -Wl,--gc-sections -static --specs=nano.specs -mfpu=fpv4-sp-d16 -mfloat-abi=hard -mthumb -Wl,--start-group -lc -lm -Wl,--end-group
Finished building target: AD5111_Control BlackPILL2.elf
 
arm-none-eabi-size   AD5111_Control\ BlackPILL2.elf 
arm-none-eabi-objdump -h -S  AD5111_Control\ BlackPILL2.elf  > "AD5111_Control BlackPILL2.list"
   text	   data	    bss	    dec	    hex	filename
  17508	     48	   2728	  20284	   4f3c	AD5111_Control BlackPILL2.elf
Finished building: default.size.stdout
 
Finished building: AD5111_Control BlackPILL2.list
 
